Archive member included to satisfy reference by file (symbol)

c:/xpacks/@xpack-dev-tools/arm-none-eabi-gcc/9.2.1-1.1.1/.content/bin/../lib/gcc/arm-none-eabi/9.2.1/../../../../arm-none-eabi/lib/thumb/v7-m/nofp\libg.a(lib_a-exit.o)
                              c:/xpacks/@xpack-dev-tools/arm-none-eabi-gcc/9.2.1-1.1.1/.content/bin/../lib/gcc/arm-none-eabi/9.2.1/../../../../arm-none-eabi/lib/thumb/v7-m/nofp/crt0.o (exit)
c:/xpacks/@xpack-dev-tools/arm-none-eabi-gcc/9.2.1-1.1.1/.content/bin/../lib/gcc/arm-none-eabi/9.2.1/../../../../arm-none-eabi/lib/thumb/v7-m/nofp\libg.a(lib_a-impure.o)
                              c:/xpacks/@xpack-dev-tools/arm-none-eabi-gcc/9.2.1-1.1.1/.content/bin/../lib/gcc/arm-none-eabi/9.2.1/../../../../arm-none-eabi/lib/thumb/v7-m/nofp\libg.a(lib_a-exit.o) (_global_impure_ptr)
c:/xpacks/@xpack-dev-tools/arm-none-eabi-gcc/9.2.1-1.1.1/.content/bin/../lib/gcc/arm-none-eabi/9.2.1/../../../../arm-none-eabi/lib/thumb/v7-m/nofp\libg.a(lib_a-init.o)
                              c:/xpacks/@xpack-dev-tools/arm-none-eabi-gcc/9.2.1-1.1.1/.content/bin/../lib/gcc/arm-none-eabi/9.2.1/../../../../arm-none-eabi/lib/thumb/v7-m/nofp/crt0.o (__libc_init_array)
c:/xpacks/@xpack-dev-tools/arm-none-eabi-gcc/9.2.1-1.1.1/.content/bin/../lib/gcc/arm-none-eabi/9.2.1/../../../../arm-none-eabi/lib/thumb/v7-m/nofp\libg.a(lib_a-memset.o)
                              c:/xpacks/@xpack-dev-tools/arm-none-eabi-gcc/9.2.1-1.1.1/.content/bin/../lib/gcc/arm-none-eabi/9.2.1/../../../../arm-none-eabi/lib/thumb/v7-m/nofp/crt0.o (memset)
c:/xpacks/@xpack-dev-tools/arm-none-eabi-gcc/9.2.1-1.1.1/.content/bin/../lib/gcc/arm-none-eabi/9.2.1/../../../../arm-none-eabi/lib/thumb/v7-m/nofp\libg.a(lib_a-puts.o)
                              ./hello.o (puts)
c:/xpacks/@xpack-dev-tools/arm-none-eabi-gcc/9.2.1-1.1.1/.content/bin/../lib/gcc/arm-none-eabi/9.2.1/../../../../arm-none-eabi/lib/thumb/v7-m/nofp\libg.a(lib_a-strlen-stub.o)
                              c:/xpacks/@xpack-dev-tools/arm-none-eabi-gcc/9.2.1-1.1.1/.content/bin/../lib/gcc/arm-none-eabi/9.2.1/../../../../arm-none-eabi/lib/thumb/v7-m/nofp\libg.a(lib_a-puts.o) (strlen)
c:/xpacks/@xpack-dev-tools/arm-none-eabi-gcc/9.2.1-1.1.1/.content/bin/../lib/gcc/arm-none-eabi/9.2.1/../../../../arm-none-eabi/lib/thumb/v7-m/nofp\libg.a(lib_a-__call_atexit.o)
                              c:/xpacks/@xpack-dev-tools/arm-none-eabi-gcc/9.2.1-1.1.1/.content/bin/../lib/gcc/arm-none-eabi/9.2.1/../../../../arm-none-eabi/lib/thumb/v7-m/nofp\libg.a(lib_a-exit.o) (__call_exitprocs)
c:/xpacks/@xpack-dev-tools/arm-none-eabi-gcc/9.2.1-1.1.1/.content/bin/../lib/gcc/arm-none-eabi/9.2.1/../../../../arm-none-eabi/lib/thumb/v7-m/nofp\libg.a(lib_a-atexit.o)
                              c:/xpacks/@xpack-dev-tools/arm-none-eabi-gcc/9.2.1-1.1.1/.content/bin/../lib/gcc/arm-none-eabi/9.2.1/../../../../arm-none-eabi/lib/thumb/v7-m/nofp\libg.a(lib_a-__call_atexit.o) (atexit)
c:/xpacks/@xpack-dev-tools/arm-none-eabi-gcc/9.2.1-1.1.1/.content/bin/../lib/gcc/arm-none-eabi/9.2.1/../../../../arm-none-eabi/lib/thumb/v7-m/nofp\libg.a(lib_a-findfp.o)
                              c:/xpacks/@xpack-dev-tools/arm-none-eabi-gcc/9.2.1-1.1.1/.content/bin/../lib/gcc/arm-none-eabi/9.2.1/../../../../arm-none-eabi/lib/thumb/v7-m/nofp\libg.a(lib_a-puts.o) (__sinit)
c:/xpacks/@xpack-dev-tools/arm-none-eabi-gcc/9.2.1-1.1.1/.content/bin/../lib/gcc/arm-none-eabi/9.2.1/../../../../arm-none-eabi/lib/thumb/v7-m/nofp\libg.a(lib_a-fini.o)
                              c:/xpacks/@xpack-dev-tools/arm-none-eabi-gcc/9.2.1-1.1.1/.content/bin/../lib/gcc/arm-none-eabi/9.2.1/../../../../arm-none-eabi/lib/thumb/v7-m/nofp\libg.a(lib_a-__call_atexit.o) (__libc_fini_array)
c:/xpacks/@xpack-dev-tools/arm-none-eabi-gcc/9.2.1-1.1.1/.content/bin/../lib/gcc/arm-none-eabi/9.2.1/../../../../arm-none-eabi/lib/thumb/v7-m/nofp\libg.a(lib_a-fvwrite.o)
                              c:/xpacks/@xpack-dev-tools/arm-none-eabi-gcc/9.2.1-1.1.1/.content/bin/../lib/gcc/arm-none-eabi/9.2.1/../../../../arm-none-eabi/lib/thumb/v7-m/nofp\libg.a(lib_a-puts.o) (__sfvwrite_r)
c:/xpacks/@xpack-dev-tools/arm-none-eabi-gcc/9.2.1-1.1.1/.content/bin/../lib/gcc/arm-none-eabi/9.2.1/../../../../arm-none-eabi/lib/thumb/v7-m/nofp\libg.a(lib_a-fwalk.o)
                              c:/xpacks/@xpack-dev-tools/arm-none-eabi-gcc/9.2.1-1.1.1/.content/bin/../lib/gcc/arm-none-eabi/9.2.1/../../../../arm-none-eabi/lib/thumb/v7-m/nofp\libg.a(lib_a-findfp.o) (_fwalk)
c:/xpacks/@xpack-dev-tools/arm-none-eabi-gcc/9.2.1-1.1.1/.content/bin/../lib/gcc/arm-none-eabi/9.2.1/../../../../arm-none-eabi/lib/thumb/v7-m/nofp\libg.a(lib_a-lock.o)
                              c:/xpacks/@xpack-dev-tools/arm-none-eabi-gcc/9.2.1-1.1.1/.content/bin/../lib/gcc/arm-none-eabi/9.2.1/../../../../arm-none-eabi/lib/thumb/v7-m/nofp\libg.a(lib_a-findfp.o) (__retarget_lock_init_recursive)
c:/xpacks/@xpack-dev-tools/arm-none-eabi-gcc/9.2.1-1.1.1/.content/bin/../lib/gcc/arm-none-eabi/9.2.1/../../../../arm-none-eabi/lib/thumb/v7-m/nofp\libg.a(lib_a-mallocr.o)
                              c:/xpacks/@xpack-dev-tools/arm-none-eabi-gcc/9.2.1-1.1.1/.content/bin/../lib/gcc/arm-none-eabi/9.2.1/../../../../arm-none-eabi/lib/thumb/v7-m/nofp\libg.a(lib_a-findfp.o) (_malloc_r)
c:/xpacks/@xpack-dev-tools/arm-none-eabi-gcc/9.2.1-1.1.1/.content/bin/../lib/gcc/arm-none-eabi/9.2.1/../../../../arm-none-eabi/lib/thumb/v7-m/nofp\libg.a(lib_a-memchr-stub.o)
                              c:/xpacks/@xpack-dev-tools/arm-none-eabi-gcc/9.2.1-1.1.1/.content/bin/../lib/gcc/arm-none-eabi/9.2.1/../../../../arm-none-eabi/lib/thumb/v7-m/nofp\libg.a(lib_a-fvwrite.o) (memchr)
c:/xpacks/@xpack-dev-tools/arm-none-eabi-gcc/9.2.1-1.1.1/.content/bin/../lib/gcc/arm-none-eabi/9.2.1/../../../../arm-none-eabi/lib/thumb/v7-m/nofp\libg.a(lib_a-memcpy.o)
                              c:/xpacks/@xpack-dev-tools/arm-none-eabi-gcc/9.2.1-1.1.1/.content/bin/../lib/gcc/arm-none-eabi/9.2.1/../../../../arm-none-eabi/lib/thumb/v7-m/nofp\libg.a(lib_a-fvwrite.o) (memcpy)
c:/xpacks/@xpack-dev-tools/arm-none-eabi-gcc/9.2.1-1.1.1/.content/bin/../lib/gcc/arm-none-eabi/9.2.1/../../../../arm-none-eabi/lib/thumb/v7-m/nofp\libg.a(lib_a-memmove.o)
                              c:/xpacks/@xpack-dev-tools/arm-none-eabi-gcc/9.2.1-1.1.1/.content/bin/../lib/gcc/arm-none-eabi/9.2.1/../../../../arm-none-eabi/lib/thumb/v7-m/nofp\libg.a(lib_a-fvwrite.o) (memmove)
c:/xpacks/@xpack-dev-tools/arm-none-eabi-gcc/9.2.1-1.1.1/.content/bin/../lib/gcc/arm-none-eabi/9.2.1/../../../../arm-none-eabi/lib/thumb/v7-m/nofp\libg.a(lib_a-mlock.o)
                              c:/xpacks/@xpack-dev-tools/arm-none-eabi-gcc/9.2.1-1.1.1/.content/bin/../lib/gcc/arm-none-eabi/9.2.1/../../../../arm-none-eabi/lib/thumb/v7-m/nofp\libg.a(lib_a-mallocr.o) (__malloc_lock)
c:/xpacks/@xpack-dev-tools/arm-none-eabi-gcc/9.2.1-1.1.1/.content/bin/../lib/gcc/arm-none-eabi/9.2.1/../../../../arm-none-eabi/lib/thumb/v7-m/nofp\libg.a(lib_a-reallocr.o)
                              c:/xpacks/@xpack-dev-tools/arm-none-eabi-gcc/9.2.1-1.1.1/.content/bin/../lib/gcc/arm-none-eabi/9.2.1/../../../../arm-none-eabi/lib/thumb/v7-m/nofp\libg.a(lib_a-fvwrite.o) (_realloc_r)
c:/xpacks/@xpack-dev-tools/arm-none-eabi-gcc/9.2.1-1.1.1/.content/bin/../lib/gcc/arm-none-eabi/9.2.1/../../../../arm-none-eabi/lib/thumb/v7-m/nofp\libg.a(lib_a-sbrkr.o)
                              c:/xpacks/@xpack-dev-tools/arm-none-eabi-gcc/9.2.1-1.1.1/.content/bin/../lib/gcc/arm-none-eabi/9.2.1/../../../../arm-none-eabi/lib/thumb/v7-m/nofp\libg.a(lib_a-mallocr.o) (_sbrk_r)
c:/xpacks/@xpack-dev-tools/arm-none-eabi-gcc/9.2.1-1.1.1/.content/bin/../lib/gcc/arm-none-eabi/9.2.1/../../../../arm-none-eabi/lib/thumb/v7-m/nofp\libg.a(lib_a-stdio.o)
                              c:/xpacks/@xpack-dev-tools/arm-none-eabi-gcc/9.2.1-1.1.1/.content/bin/../lib/gcc/arm-none-eabi/9.2.1/../../../../arm-none-eabi/lib/thumb/v7-m/nofp\libg.a(lib_a-findfp.o) (__sread)
c:/xpacks/@xpack-dev-tools/arm-none-eabi-gcc/9.2.1-1.1.1/.content/bin/../lib/gcc/arm-none-eabi/9.2.1/../../../../arm-none-eabi/lib/thumb/v7-m/nofp\libg.a(lib_a-writer.o)
                              c:/xpacks/@xpack-dev-tools/arm-none-eabi-gcc/9.2.1-1.1.1/.content/bin/../lib/gcc/arm-none-eabi/9.2.1/../../../../arm-none-eabi/lib/thumb/v7-m/nofp\libg.a(lib_a-stdio.o) (_write_r)
c:/xpacks/@xpack-dev-tools/arm-none-eabi-gcc/9.2.1-1.1.1/.content/bin/../lib/gcc/arm-none-eabi/9.2.1/../../../../arm-none-eabi/lib/thumb/v7-m/nofp\libg.a(lib_a-wsetup.o)
                              c:/xpacks/@xpack-dev-tools/arm-none-eabi-gcc/9.2.1-1.1.1/.content/bin/../lib/gcc/arm-none-eabi/9.2.1/../../../../arm-none-eabi/lib/thumb/v7-m/nofp\libg.a(lib_a-fvwrite.o) (__swsetup_r)
c:/xpacks/@xpack-dev-tools/arm-none-eabi-gcc/9.2.1-1.1.1/.content/bin/../lib/gcc/arm-none-eabi/9.2.1/../../../../arm-none-eabi/lib/thumb/v7-m/nofp\libg.a(lib_a-__atexit.o)
                              c:/xpacks/@xpack-dev-tools/arm-none-eabi-gcc/9.2.1-1.1.1/.content/bin/../lib/gcc/arm-none-eabi/9.2.1/../../../../arm-none-eabi/lib/thumb/v7-m/nofp\libg.a(lib_a-atexit.o) (__register_exitproc)
c:/xpacks/@xpack-dev-tools/arm-none-eabi-gcc/9.2.1-1.1.1/.content/bin/../lib/gcc/arm-none-eabi/9.2.1/../../../../arm-none-eabi/lib/thumb/v7-m/nofp\libg.a(lib_a-closer.o)
                              c:/xpacks/@xpack-dev-tools/arm-none-eabi-gcc/9.2.1-1.1.1/.content/bin/../lib/gcc/arm-none-eabi/9.2.1/../../../../arm-none-eabi/lib/thumb/v7-m/nofp\libg.a(lib_a-stdio.o) (_close_r)
c:/xpacks/@xpack-dev-tools/arm-none-eabi-gcc/9.2.1-1.1.1/.content/bin/../lib/gcc/arm-none-eabi/9.2.1/../../../../arm-none-eabi/lib/thumb/v7-m/nofp\libg.a(lib_a-fclose.o)
                              c:/xpacks/@xpack-dev-tools/arm-none-eabi-gcc/9.2.1-1.1.1/.content/bin/../lib/gcc/arm-none-eabi/9.2.1/../../../../arm-none-eabi/lib/thumb/v7-m/nofp\libg.a(lib_a-findfp.o) (_fclose_r)
c:/xpacks/@xpack-dev-tools/arm-none-eabi-gcc/9.2.1-1.1.1/.content/bin/../lib/gcc/arm-none-eabi/9.2.1/../../../../arm-none-eabi/lib/thumb/v7-m/nofp\libg.a(lib_a-fflush.o)
                              c:/xpacks/@xpack-dev-tools/arm-none-eabi-gcc/9.2.1-1.1.1/.content/bin/../lib/gcc/arm-none-eabi/9.2.1/../../../../arm-none-eabi/lib/thumb/v7-m/nofp\libg.a(lib_a-fclose.o) (__sflush_r)
c:/xpacks/@xpack-dev-tools/arm-none-eabi-gcc/9.2.1-1.1.1/.content/bin/../lib/gcc/arm-none-eabi/9.2.1/../../../../arm-none-eabi/lib/thumb/v7-m/nofp\libg.a(lib_a-freer.o)
                              c:/xpacks/@xpack-dev-tools/arm-none-eabi-gcc/9.2.1-1.1.1/.content/bin/../lib/gcc/arm-none-eabi/9.2.1/../../../../arm-none-eabi/lib/thumb/v7-m/nofp\libg.a(lib_a-fvwrite.o) (_free_r)
c:/xpacks/@xpack-dev-tools/arm-none-eabi-gcc/9.2.1-1.1.1/.content/bin/../lib/gcc/arm-none-eabi/9.2.1/../../../../arm-none-eabi/lib/thumb/v7-m/nofp\libg.a(lib_a-lseekr.o)
                              c:/xpacks/@xpack-dev-tools/arm-none-eabi-gcc/9.2.1-1.1.1/.content/bin/../lib/gcc/arm-none-eabi/9.2.1/../../../../arm-none-eabi/lib/thumb/v7-m/nofp\libg.a(lib_a-stdio.o) (_lseek_r)
c:/xpacks/@xpack-dev-tools/arm-none-eabi-gcc/9.2.1-1.1.1/.content/bin/../lib/gcc/arm-none-eabi/9.2.1/../../../../arm-none-eabi/lib/thumb/v7-m/nofp\libg.a(lib_a-makebuf.o)
                              c:/xpacks/@xpack-dev-tools/arm-none-eabi-gcc/9.2.1-1.1.1/.content/bin/../lib/gcc/arm-none-eabi/9.2.1/../../../../arm-none-eabi/lib/thumb/v7-m/nofp\libg.a(lib_a-wsetup.o) (__smakebuf_r)
c:/xpacks/@xpack-dev-tools/arm-none-eabi-gcc/9.2.1-1.1.1/.content/bin/../lib/gcc/arm-none-eabi/9.2.1/../../../../arm-none-eabi/lib/thumb/v7-m/nofp\libg.a(lib_a-readr.o)
                              c:/xpacks/@xpack-dev-tools/arm-none-eabi-gcc/9.2.1-1.1.1/.content/bin/../lib/gcc/arm-none-eabi/9.2.1/../../../../arm-none-eabi/lib/thumb/v7-m/nofp\libg.a(lib_a-stdio.o) (_read_r)
c:/xpacks/@xpack-dev-tools/arm-none-eabi-gcc/9.2.1-1.1.1/.content/bin/../lib/gcc/arm-none-eabi/9.2.1/../../../../arm-none-eabi/lib/thumb/v7-m/nofp\libg.a(lib_a-reent.o)
                              c:/xpacks/@xpack-dev-tools/arm-none-eabi-gcc/9.2.1-1.1.1/.content/bin/../lib/gcc/arm-none-eabi/9.2.1/../../../../arm-none-eabi/lib/thumb/v7-m/nofp\libg.a(lib_a-sbrkr.o) (errno)
c:/xpacks/@xpack-dev-tools/arm-none-eabi-gcc/9.2.1-1.1.1/.content/bin/../lib/gcc/arm-none-eabi/9.2.1/../../../../arm-none-eabi/lib/thumb/v7-m/nofp\libg.a(lib_a-fstatr.o)
                              c:/xpacks/@xpack-dev-tools/arm-none-eabi-gcc/9.2.1-1.1.1/.content/bin/../lib/gcc/arm-none-eabi/9.2.1/../../../../arm-none-eabi/lib/thumb/v7-m/nofp\libg.a(lib_a-makebuf.o) (_fstat_r)
c:/xpacks/@xpack-dev-tools/arm-none-eabi-gcc/9.2.1-1.1.1/.content/bin/../lib/gcc/arm-none-eabi/9.2.1/../../../../arm-none-eabi/lib/thumb/v7-m/nofp\libg.a(lib_a-isattyr.o)
                              c:/xpacks/@xpack-dev-tools/arm-none-eabi-gcc/9.2.1-1.1.1/.content/bin/../lib/gcc/arm-none-eabi/9.2.1/../../../../arm-none-eabi/lib/thumb/v7-m/nofp\libg.a(lib_a-makebuf.o) (_isatty_r)

Allocating common symbols
Common symbol       size              file

__lock___atexit_recursive_mutex
                    0x1               c:/xpacks/@xpack-dev-tools/arm-none-eabi-gcc/9.2.1-1.1.1/.content/bin/../lib/gcc/arm-none-eabi/9.2.1/../../../../arm-none-eabi/lib/thumb/v7-m/nofp\libg.a(lib_a-lock.o)
__lock___arc4random_mutex
                    0x1               c:/xpacks/@xpack-dev-tools/arm-none-eabi-gcc/9.2.1-1.1.1/.content/bin/../lib/gcc/arm-none-eabi/9.2.1/../../../../arm-none-eabi/lib/thumb/v7-m/nofp\libg.a(lib_a-lock.o)
errno               0x4               c:/xpacks/@xpack-dev-tools/arm-none-eabi-gcc/9.2.1-1.1.1/.content/bin/../lib/gcc/arm-none-eabi/9.2.1/../../../../arm-none-eabi/lib/thumb/v7-m/nofp\libg.a(lib_a-reent.o)
__lock___env_recursive_mutex
                    0x1               c:/xpacks/@xpack-dev-tools/arm-none-eabi-gcc/9.2.1-1.1.1/.content/bin/../lib/gcc/arm-none-eabi/9.2.1/../../../../arm-none-eabi/lib/thumb/v7-m/nofp\libg.a(lib_a-lock.o)
__lock___sinit_recursive_mutex
                    0x1               c:/xpacks/@xpack-dev-tools/arm-none-eabi-gcc/9.2.1-1.1.1/.content/bin/../lib/gcc/arm-none-eabi/9.2.1/../../../../arm-none-eabi/lib/thumb/v7-m/nofp\libg.a(lib_a-lock.o)
__lock___malloc_recursive_mutex
                    0x1               c:/xpacks/@xpack-dev-tools/arm-none-eabi-gcc/9.2.1-1.1.1/.content/bin/../lib/gcc/arm-none-eabi/9.2.1/../../../../arm-none-eabi/lib/thumb/v7-m/nofp\libg.a(lib_a-lock.o)
__lock___at_quick_exit_mutex
                    0x1               c:/xpacks/@xpack-dev-tools/arm-none-eabi-gcc/9.2.1-1.1.1/.content/bin/../lib/gcc/arm-none-eabi/9.2.1/../../../../arm-none-eabi/lib/thumb/v7-m/nofp\libg.a(lib_a-lock.o)
__lock___dd_hash_mutex
                    0x1               c:/xpacks/@xpack-dev-tools/arm-none-eabi-gcc/9.2.1-1.1.1/.content/bin/../lib/gcc/arm-none-eabi/9.2.1/../../../../arm-none-eabi/lib/thumb/v7-m/nofp\libg.a(lib_a-lock.o)
__lock___tz_mutex   0x1               c:/xpacks/@xpack-dev-tools/arm-none-eabi-gcc/9.2.1-1.1.1/.content/bin/../lib/gcc/arm-none-eabi/9.2.1/../../../../arm-none-eabi/lib/thumb/v7-m/nofp\libg.a(lib_a-lock.o)
__lock___sfp_recursive_mutex
                    0x1               c:/xpacks/@xpack-dev-tools/arm-none-eabi-gcc/9.2.1-1.1.1/.content/bin/../lib/gcc/arm-none-eabi/9.2.1/../../../../arm-none-eabi/lib/thumb/v7-m/nofp\libg.a(lib_a-lock.o)

Discarded input sections

 .text          0x0000000000000000        0x0 c:/xpacks/@xpack-dev-tools/arm-none-eabi-gcc/9.2.1-1.1.1/.content/bin/../lib/gcc/arm-none-eabi/9.2.1/thumb/v7-m/nofp/crti.o
 .data          0x0000000000000000        0x0 c:/xpacks/@xpack-dev-tools/arm-none-eabi-gcc/9.2.1-1.1.1/.content/bin/../lib/gcc/arm-none-eabi/9.2.1/thumb/v7-m/nofp/crti.o
 .bss           0x0000000000000000        0x0 c:/xpacks/@xpack-dev-tools/arm-none-eabi-gcc/9.2.1-1.1.1/.content/bin/../lib/gcc/arm-none-eabi/9.2.1/thumb/v7-m/nofp/crti.o
 .text          0x0000000000000000        0x0 c:/xpacks/@xpack-dev-tools/arm-none-eabi-gcc/9.2.1-1.1.1/.content/bin/../lib/gcc/arm-none-eabi/9.2.1/thumb/v7-m/nofp/crtbegin.o
 .data          0x0000000000000000        0x0 c:/xpacks/@xpack-dev-tools/arm-none-eabi-gcc/9.2.1-1.1.1/.content/bin/../lib/gcc/arm-none-eabi/9.2.1/thumb/v7-m/nofp/crtbegin.o
 .bss           0x0000000000000000        0x0 c:/xpacks/@xpack-dev-tools/arm-none-eabi-gcc/9.2.1-1.1.1/.content/bin/../lib/gcc/arm-none-eabi/9.2.1/thumb/v7-m/nofp/crtbegin.o
 .data.__dso_handle
                0x0000000000000000        0x4 c:/xpacks/@xpack-dev-tools/arm-none-eabi-gcc/9.2.1-1.1.1/.content/bin/../lib/gcc/arm-none-eabi/9.2.1/thumb/v7-m/nofp/crtbegin.o
 .data          0x0000000000000000        0x0 c:/xpacks/@xpack-dev-tools/arm-none-eabi-gcc/9.2.1-1.1.1/.content/bin/../lib/gcc/arm-none-eabi/9.2.1/../../../../arm-none-eabi/lib/thumb/v7-m/nofp/crt0.o
 .bss           0x0000000000000000        0x0 c:/xpacks/@xpack-dev-tools/arm-none-eabi-gcc/9.2.1-1.1.1/.content/bin/../lib/gcc/arm-none-eabi/9.2.1/../../../../arm-none-eabi/lib/thumb/v7-m/nofp/crt0.o
 .ARM.extab     0x0000000000000000        0x0 c:/xpacks/@xpack-dev-tools/arm-none-eabi-gcc/9.2.1-1.1.1/.content/bin/../lib/gcc/arm-none-eabi/9.2.1/../../../../arm-none-eabi/lib/thumb/v7-m/nofp/crt0.o
 .group         0x0000000000000000        0xc ./hello.o
 .group         0x0000000000000000        0xc ./hello.o
 .group         0x0000000000000000        0xc ./hello.o
 .group         0x0000000000000000        0xc ./hello.o
 .group         0x0000000000000000        0xc ./hello.o
 .group         0x0000000000000000        0xc ./hello.o
 .group         0x0000000000000000        0xc ./hello.o
 .group         0x0000000000000000        0xc ./hello.o
 .group         0x0000000000000000        0xc ./hello.o
 .group         0x0000000000000000        0xc ./hello.o
 .group         0x0000000000000000        0xc ./hello.o
 .group         0x0000000000000000        0xc ./hello.o
 .group         0x0000000000000000        0xc ./hello.o
 .group         0x0000000000000000        0xc ./hello.o
 .group         0x0000000000000000        0xc ./hello.o
 .group         0x0000000000000000        0xc ./hello.o
 .group         0x0000000000000000        0xc ./hello.o
 .group         0x0000000000000000        0xc ./hello.o
 .group         0x0000000000000000        0xc ./hello.o
 .group         0x0000000000000000        0xc ./hello.o
 .group         0x0000000000000000        0xc ./hello.o
 .group         0x0000000000000000        0xc ./hello.o
 .group         0x0000000000000000        0xc ./hello.o
 .group         0x0000000000000000        0xc ./hello.o
 .group         0x0000000000000000        0xc ./hello.o
 .group         0x0000000000000000        0xc ./hello.o
 .group         0x0000000000000000        0xc ./hello.o
 .group         0x0000000000000000        0xc ./hello.o
 .group         0x0000000000000000        0xc ./hello.o
 .group         0x0000000000000000        0xc ./hello.o
 .text          0x0000000000000000        0x0 ./hello.o
 .data          0x0000000000000000        0x0 ./hello.o
 .bss           0x0000000000000000        0x0 ./hello.o
 .text          0x0000000000000000        0x0 c:/xpacks/@xpack-dev-tools/arm-none-eabi-gcc/9.2.1-1.1.1/.content/bin/../lib/gcc/arm-none-eabi/9.2.1/../../../../arm-none-eabi/lib/thumb/v7-m/nofp\libg.a(lib_a-exit.o)
 .data          0x0000000000000000        0x0 c:/xpacks/@xpack-dev-tools/arm-none-eabi-gcc/9.2.1-1.1.1/.content/bin/../lib/gcc/arm-none-eabi/9.2.1/../../../../arm-none-eabi/lib/thumb/v7-m/nofp\libg.a(lib_a-exit.o)
 .bss           0x0000000000000000        0x0 c:/xpacks/@xpack-dev-tools/arm-none-eabi-gcc/9.2.1-1.1.1/.content/bin/../lib/gcc/arm-none-eabi/9.2.1/../../../../arm-none-eabi/lib/thumb/v7-m/nofp\libg.a(lib_a-exit.o)
 .text          0x0000000000000000        0x0 c:/xpacks/@xpack-dev-tools/arm-none-eabi-gcc/9.2.1-1.1.1/.content/bin/../lib/gcc/arm-none-eabi/9.2.1/../../../../arm-none-eabi/lib/thumb/v7-m/nofp\libg.a(lib_a-impure.o)
 .data          0x0000000000000000        0x0 c:/xpacks/@xpack-dev-tools/arm-none-eabi-gcc/9.2.1-1.1.1/.content/bin/../lib/gcc/arm-none-eabi/9.2.1/../../../../arm-none-eabi/lib/thumb/v7-m/nofp\libg.a(lib_a-impure.o)
 .bss           0x0000000000000000        0x0 c:/xpacks/@xpack-dev-tools/arm-none-eabi-gcc/9.2.1-1.1.1/.content/bin/../lib/gcc/arm-none-eabi/9.2.1/../../../../arm-none-eabi/lib/thumb/v7-m/nofp\libg.a(lib_a-impure.o)
 .text          0x0000000000000000        0x0 c:/xpacks/@xpack-dev-tools/arm-none-eabi-gcc/9.2.1-1.1.1/.content/bin/../lib/gcc/arm-none-eabi/9.2.1/../../../../arm-none-eabi/lib/thumb/v7-m/nofp\libg.a(lib_a-init.o)
 .data          0x0000000000000000        0x0 c:/xpacks/@xpack-dev-tools/arm-none-eabi-gcc/9.2.1-1.1.1/.content/bin/../lib/gcc/arm-none-eabi/9.2.1/../../../../arm-none-eabi/lib/thumb/v7-m/nofp\libg.a(lib_a-init.o)
 .bss           0x0000000000000000        0x0 c:/xpacks/@xpack-dev-tools/arm-none-eabi-gcc/9.2.1-1.1.1/.content/bin/../lib/gcc/arm-none-eabi/9.2.1/../../../../arm-none-eabi/lib/thumb/v7-m/nofp\libg.a(lib_a-init.o)
 .text          0x0000000000000000        0x0 c:/xpacks/@xpack-dev-tools/arm-none-eabi-gcc/9.2.1-1.1.1/.content/bin/../lib/gcc/arm-none-eabi/9.2.1/../../../../arm-none-eabi/lib/thumb/v7-m/nofp\libg.a(lib_a-memset.o)
 .data          0x0000000000000000        0x0 c:/xpacks/@xpack-dev-tools/arm-none-eabi-gcc/9.2.1-1.1.1/.content/bin/../lib/gcc/arm-none-eabi/9.2.1/../../../../arm-none-eabi/lib/thumb/v7-m/nofp\libg.a(lib_a-memset.o)
 .bss           0x0000000000000000        0x0 c:/xpacks/@xpack-dev-tools/arm-none-eabi-gcc/9.2.1-1.1.1/.content/bin/../lib/gcc/arm-none-eabi/9.2.1/../../../../arm-none-eabi/lib/thumb/v7-m/nofp\libg.a(lib_a-memset.o)
 .text          0x0000000000000000        0x0 c:/xpacks/@xpack-dev-tools/arm-none-eabi-gcc/9.2.1-1.1.1/.content/bin/../lib/gcc/arm-none-eabi/9.2.1/../../../../arm-none-eabi/lib/thumb/v7-m/nofp\libg.a(lib_a-puts.o)
 .data          0x0000000000000000        0x0 c:/xpacks/@xpack-dev-tools/arm-none-eabi-gcc/9.2.1-1.1.1/.content/bin/../lib/gcc/arm-none-eabi/9.2.1/../../../../arm-none-eabi/lib/thumb/v7-m/nofp\libg.a(lib_a-puts.o)
 .bss           0x0000000000000000        0x0 c:/xpacks/@xpack-dev-tools/arm-none-eabi-gcc/9.2.1-1.1.1/.content/bin/../lib/gcc/arm-none-eabi/9.2.1/../../../../arm-none-eabi/lib/thumb/v7-m/nofp\libg.a(lib_a-puts.o)
 .text          0x0000000000000000        0x0 c:/xpacks/@xpack-dev-tools/arm-none-eabi-gcc/9.2.1-1.1.1/.content/bin/../lib/gcc/arm-none-eabi/9.2.1/../../../../arm-none-eabi/lib/thumb/v7-m/nofp\libg.a(lib_a-strlen-stub.o)
 .data          0x0000000000000000        0x0 c:/xpacks/@xpack-dev-tools/arm-none-eabi-gcc/9.2.1-1.1.1/.content/bin/../lib/gcc/arm-none-eabi/9.2.1/../../../../arm-none-eabi/lib/thumb/v7-m/nofp\libg.a(lib_a-strlen-stub.o)
 .bss           0x0000000000000000        0x0 c:/xpacks/@xpack-dev-tools/arm-none-eabi-gcc/9.2.1-1.1.1/.content/bin/../lib/gcc/arm-none-eabi/9.2.1/../../../../arm-none-eabi/lib/thumb/v7-m/nofp\libg.a(lib_a-strlen-stub.o)
 .text          0x0000000000000000        0x0 c:/xpacks/@xpack-dev-tools/arm-none-eabi-gcc/9.2.1-1.1.1/.content/bin/../lib/gcc/arm-none-eabi/9.2.1/../../../../arm-none-eabi/lib/thumb/v7-m/nofp\libg.a(lib_a-__call_atexit.o)
 .data          0x0000000000000000        0x0 c:/xpacks/@xpack-dev-tools/arm-none-eabi-gcc/9.2.1-1.1.1/.content/bin/../lib/gcc/arm-none-eabi/9.2.1/../../../../arm-none-eabi/lib/thumb/v7-m/nofp\libg.a(lib_a-__call_atexit.o)
 .bss           0x0000000000000000        0x0 c:/xpacks/@xpack-dev-tools/arm-none-eabi-gcc/9.2.1-1.1.1/.content/bin/../lib/gcc/arm-none-eabi/9.2.1/../../../../arm-none-eabi/lib/thumb/v7-m/nofp\libg.a(lib_a-__call_atexit.o)
 .text          0x0000000000000000        0x0 c:/xpacks/@xpack-dev-tools/arm-none-eabi-gcc/9.2.1-1.1.1/.content/bin/../lib/gcc/arm-none-eabi/9.2.1/../../../../arm-none-eabi/lib/thumb/v7-m/nofp\libg.a(lib_a-atexit.o)
 .data          0x0000000000000000        0x0 c:/xpacks/@xpack-dev-tools/arm-none-eabi-gcc/9.2.1-1.1.1/.content/bin/../lib/gcc/arm-none-eabi/9.2.1/../../../../arm-none-eabi/lib/thumb/v7-m/nofp\libg.a(lib_a-atexit.o)
 .bss           0x0000000000000000        0x0 c:/xpacks/@xpack-dev-tools/arm-none-eabi-gcc/9.2.1-1.1.1/.content/bin/../lib/gcc/arm-none-eabi/9.2.1/../../../../arm-none-eabi/lib/thumb/v7-m/nofp\libg.a(lib_a-atexit.o)
 .text          0x0000000000000000        0x0 c:/xpacks/@xpack-dev-tools/arm-none-eabi-gcc/9.2.1-1.1.1/.content/bin/../lib/gcc/arm-none-eabi/9.2.1/../../../../arm-none-eabi/lib/thumb/v7-m/nofp\libg.a(lib_a-findfp.o)
 .data          0x0000000000000000        0x0 c:/xpacks/@xpack-dev-tools/arm-none-eabi-gcc/9.2.1-1.1.1/.content/bin/../lib/gcc/arm-none-eabi/9.2.1/../../../../arm-none-eabi/lib/thumb/v7-m/nofp\libg.a(lib_a-findfp.o)
 .bss           0x0000000000000000        0x0 c:/xpacks/@xpack-dev-tools/arm-none-eabi-gcc/9.2.1-1.1.1/.content/bin/../lib/gcc/arm-none-eabi/9.2.1/../../../../arm-none-eabi/lib/thumb/v7-m/nofp\libg.a(lib_a-findfp.o)
 .text.__fp_lock
                0x0000000000000000       0x1c c:/xpacks/@xpack-dev-tools/arm-none-eabi-gcc/9.2.1-1.1.1/.content/bin/../lib/gcc/arm-none-eabi/9.2.1/../../../../arm-none-eabi/lib/thumb/v7-m/nofp\libg.a(lib_a-findfp.o)
 .text.__fp_unlock
                0x0000000000000000       0x1c c:/xpacks/@xpack-dev-tools/arm-none-eabi-gcc/9.2.1-1.1.1/.content/bin/../lib/gcc/arm-none-eabi/9.2.1/../../../../arm-none-eabi/lib/thumb/v7-m/nofp\libg.a(lib_a-findfp.o)
 .text.__sfmoreglue
                0x0000000000000000       0x30 c:/xpacks/@xpack-dev-tools/arm-none-eabi-gcc/9.2.1-1.1.1/.content/bin/../lib/gcc/arm-none-eabi/9.2.1/../../../../arm-none-eabi/lib/thumb/v7-m/nofp\libg.a(lib_a-findfp.o)
 .text._cleanup
                0x0000000000000000       0x14 c:/xpacks/@xpack-dev-tools/arm-none-eabi-gcc/9.2.1-1.1.1/.content/bin/../lib/gcc/arm-none-eabi/9.2.1/../../../../arm-none-eabi/lib/thumb/v7-m/nofp\libg.a(lib_a-findfp.o)
 .text.__sfp    0x0000000000000000       0xa4 c:/xpacks/@xpack-dev-tools/arm-none-eabi-gcc/9.2.1-1.1.1/.content/bin/../lib/gcc/arm-none-eabi/9.2.1/../../../../arm-none-eabi/lib/thumb/v7-m/nofp\libg.a(lib_a-findfp.o)
 .text.__sinit_lock_acquire
                0x0000000000000000        0xc c:/xpacks/@xpack-dev-tools/arm-none-eabi-gcc/9.2.1-1.1.1/.content/bin/../lib/gcc/arm-none-eabi/9.2.1/../../../../arm-none-eabi/lib/thumb/v7-m/nofp\libg.a(lib_a-findfp.o)
 .text.__sinit_lock_release
                0x0000000000000000        0xc c:/xpacks/@xpack-dev-tools/arm-none-eabi-gcc/9.2.1-1.1.1/.content/bin/../lib/gcc/arm-none-eabi/9.2.1/../../../../arm-none-eabi/lib/thumb/v7-m/nofp\libg.a(lib_a-findfp.o)
 .text.__fp_lock_all
                0x0000000000000000       0x24 c:/xpacks/@xpack-dev-tools/arm-none-eabi-gcc/9.2.1-1.1.1/.content/bin/../lib/gcc/arm-none-eabi/9.2.1/../../../../arm-none-eabi/lib/thumb/v7-m/nofp\libg.a(lib_a-findfp.o)
 .text.__fp_unlock_all
                0x0000000000000000       0x24 c:/xpacks/@xpack-dev-tools/arm-none-eabi-gcc/9.2.1-1.1.1/.content/bin/../lib/gcc/arm-none-eabi/9.2.1/../../../../arm-none-eabi/lib/thumb/v7-m/nofp\libg.a(lib_a-findfp.o)
 .text          0x0000000000000000        0x0 c:/xpacks/@xpack-dev-tools/arm-none-eabi-gcc/9.2.1-1.1.1/.content/bin/../lib/gcc/arm-none-eabi/9.2.1/../../../../arm-none-eabi/lib/thumb/v7-m/nofp\libg.a(lib_a-fini.o)
 .data          0x0000000000000000        0x0 c:/xpacks/@xpack-dev-tools/arm-none-eabi-gcc/9.2.1-1.1.1/.content/bin/../lib/gcc/arm-none-eabi/9.2.1/../../../../arm-none-eabi/lib/thumb/v7-m/nofp\libg.a(lib_a-fini.o)
 .bss           0x0000000000000000        0x0 c:/xpacks/@xpack-dev-tools/arm-none-eabi-gcc/9.2.1-1.1.1/.content/bin/../lib/gcc/arm-none-eabi/9.2.1/../../../../arm-none-eabi/lib/thumb/v7-m/nofp\libg.a(lib_a-fini.o)
 .text          0x0000000000000000        0x0 c:/xpacks/@xpack-dev-tools/arm-none-eabi-gcc/9.2.1-1.1.1/.content/bin/../lib/gcc/arm-none-eabi/9.2.1/../../../../arm-none-eabi/lib/thumb/v7-m/nofp\libg.a(lib_a-fvwrite.o)
 .data          0x0000000000000000        0x0 c:/xpacks/@xpack-dev-tools/arm-none-eabi-gcc/9.2.1-1.1.1/.content/bin/../lib/gcc/arm-none-eabi/9.2.1/../../../../arm-none-eabi/lib/thumb/v7-m/nofp\libg.a(lib_a-fvwrite.o)
 .bss           0x0000000000000000        0x0 c:/xpacks/@xpack-dev-tools/arm-none-eabi-gcc/9.2.1-1.1.1/.content/bin/../lib/gcc/arm-none-eabi/9.2.1/../../../../arm-none-eabi/lib/thumb/v7-m/nofp\libg.a(lib_a-fvwrite.o)
 .text          0x0000000000000000        0x0 c:/xpacks/@xpack-dev-tools/arm-none-eabi-gcc/9.2.1-1.1.1/.content/bin/../lib/gcc/arm-none-eabi/9.2.1/../../../../arm-none-eabi/lib/thumb/v7-m/nofp\libg.a(lib_a-fwalk.o)
 .data          0x0000000000000000        0x0 c:/xpacks/@xpack-dev-tools/arm-none-eabi-gcc/9.2.1-1.1.1/.content/bin/../lib/gcc/arm-none-eabi/9.2.1/../../../../arm-none-eabi/lib/thumb/v7-m/nofp\libg.a(lib_a-fwalk.o)
 .bss           0x0000000000000000        0x0 c:/xpacks/@xpack-dev-tools/arm-none-eabi-gcc/9.2.1-1.1.1/.content/bin/../lib/gcc/arm-none-eabi/9.2.1/../../../../arm-none-eabi/lib/thumb/v7-m/nofp\libg.a(lib_a-fwalk.o)
 .text._fwalk   0x0000000000000000       0x40 c:/xpacks/@xpack-dev-tools/arm-none-eabi-gcc/9.2.1-1.1.1/.content/bin/../lib/gcc/arm-none-eabi/9.2.1/../../../../arm-none-eabi/lib/thumb/v7-m/nofp\libg.a(lib_a-fwalk.o)
 .text          0x0000000000000000        0x0 c:/xpacks/@xpack-dev-tools/arm-none-eabi-gcc/9.2.1-1.1.1/.content/bin/../lib/gcc/arm-none-eabi/9.2.1/../../../../arm-none-eabi/lib/thumb/v7-m/nofp\libg.a(lib_a-lock.o)
 .data          0x0000000000000000        0x0 c:/xpacks/@xpack-dev-tools/arm-none-eabi-gcc/9.2.1-1.1.1/.content/bin/../lib/gcc/arm-none-eabi/9.2.1/../../../../arm-none-eabi/lib/thumb/v7-m/nofp\libg.a(lib_a-lock.o)
 .bss           0x0000000000000000        0x0 c:/xpacks/@xpack-dev-tools/arm-none-eabi-gcc/9.2.1-1.1.1/.content/bin/../lib/gcc/arm-none-eabi/9.2.1/../../../../arm-none-eabi/lib/thumb/v7-m/nofp\libg.a(lib_a-lock.o)
 .text.__retarget_lock_init
                0x0000000000000000        0x4 c:/xpacks/@xpack-dev-tools/arm-none-eabi-gcc/9.2.1-1.1.1/.content/bin/../lib/gcc/arm-none-eabi/9.2.1/../../../../arm-none-eabi/lib/thumb/v7-m/nofp\libg.a(lib_a-lock.o)
 .text.__retarget_lock_close
                0x0000000000000000        0x4 c:/xpacks/@xpack-dev-tools/arm-none-eabi-gcc/9.2.1-1.1.1/.content/bin/../lib/gcc/arm-none-eabi/9.2.1/../../../../arm-none-eabi/lib/thumb/v7-m/nofp\libg.a(lib_a-lock.o)
 .text.__retarget_lock_acquire
                0x0000000000000000        0x4 c:/xpacks/@xpack-dev-tools/arm-none-eabi-gcc/9.2.1-1.1.1/.content/bin/../lib/gcc/arm-none-eabi/9.2.1/../../../../arm-none-eabi/lib/thumb/v7-m/nofp\libg.a(lib_a-lock.o)
 .text.__retarget_lock_try_acquire
                0x0000000000000000        0x4 c:/xpacks/@xpack-dev-tools/arm-none-eabi-gcc/9.2.1-1.1.1/.content/bin/../lib/gcc/arm-none-eabi/9.2.1/../../../../arm-none-eabi/lib/thumb/v7-m/nofp\libg.a(lib_a-lock.o)
 .text.__retarget_lock_try_acquire_recursive
                0x0000000000000000        0x4 c:/xpacks/@xpack-dev-tools/arm-none-eabi-gcc/9.2.1-1.1.1/.content/bin/../lib/gcc/arm-none-eabi/9.2.1/../../../../arm-none-eabi/lib/thumb/v7-m/nofp\libg.a(lib_a-lock.o)
 .text.__retarget_lock_release
                0x0000000000000000        0x4 c:/xpacks/@xpack-dev-tools/arm-none-eabi-gcc/9.2.1-1.1.1/.content/bin/../lib/gcc/arm-none-eabi/9.2.1/../../../../arm-none-eabi/lib/thumb/v7-m/nofp\libg.a(lib_a-lock.o)
 .text          0x0000000000000000        0x0 c:/xpacks/@xpack-dev-tools/arm-none-eabi-gcc/9.2.1-1.1.1/.content/bin/../lib/gcc/arm-none-eabi/9.2.1/../../../../arm-none-eabi/lib/thumb/v7-m/nofp\libg.a(lib_a-mallocr.o)
 .data          0x0000000000000000        0x0 c:/xpacks/@xpack-dev-tools/arm-none-eabi-gcc/9.2.1-1.1.1/.content/bin/../lib/gcc/arm-none-eabi/9.2.1/../../../../arm-none-eabi/lib/thumb/v7-m/nofp\libg.a(lib_a-mallocr.o)
 .bss           0x0000000000000000        0x0 c:/xpacks/@xpack-dev-tools/arm-none-eabi-gcc/9.2.1-1.1.1/.content/bin/../lib/gcc/arm-none-eabi/9.2.1/../../../../arm-none-eabi/lib/thumb/v7-m/nofp\libg.a(lib_a-mallocr.o)
 .text          0x0000000000000000        0x0 c:/xpacks/@xpack-dev-tools/arm-none-eabi-gcc/9.2.1-1.1.1/.content/bin/../lib/gcc/arm-none-eabi/9.2.1/../../../../arm-none-eabi/lib/thumb/v7-m/nofp\libg.a(lib_a-memchr-stub.o)
 .data          0x0000000000000000        0x0 c:/xpacks/@xpack-dev-tools/arm-none-eabi-gcc/9.2.1-1.1.1/.content/bin/../lib/gcc/arm-none-eabi/9.2.1/../../../../arm-none-eabi/lib/thumb/v7-m/nofp\libg.a(lib_a-memchr-stub.o)
 .bss           0x0000000000000000        0x0 c:/xpacks/@xpack-dev-tools/arm-none-eabi-gcc/9.2.1-1.1.1/.content/bin/../lib/gcc/arm-none-eabi/9.2.1/../../../../arm-none-eabi/lib/thumb/v7-m/nofp\libg.a(lib_a-memchr-stub.o)
 .data          0x0000000000000000        0x0 c:/xpacks/@xpack-dev-tools/arm-none-eabi-gcc/9.2.1-1.1.1/.content/bin/../lib/gcc/arm-none-eabi/9.2.1/../../../../arm-none-eabi/lib/thumb/v7-m/nofp\libg.a(lib_a-memcpy.o)
 .bss           0x0000000000000000        0x0 c:/xpacks/@xpack-dev-tools/arm-none-eabi-gcc/9.2.1-1.1.1/.content/bin/../lib/gcc/arm-none-eabi/9.2.1/../../../../arm-none-eabi/lib/thumb/v7-m/nofp\libg.a(lib_a-memcpy.o)
 .text          0x0000000000000000        0x0 c:/xpacks/@xpack-dev-tools/arm-none-eabi-gcc/9.2.1-1.1.1/.content/bin/../lib/gcc/arm-none-eabi/9.2.1/../../../../arm-none-eabi/lib/thumb/v7-m/nofp\libg.a(lib_a-memmove.o)
 .data          0x0000000000000000        0x0 c:/xpacks/@xpack-dev-tools/arm-none-eabi-gcc/9.2.1-1.1.1/.content/bin/../lib/gcc/arm-none-eabi/9.2.1/../../../../arm-none-eabi/lib/thumb/v7-m/nofp\libg.a(lib_a-memmove.o)
 .bss           0x0000000000000000        0x0 c:/xpacks/@xpack-dev-tools/arm-none-eabi-gcc/9.2.1-1.1.1/.content/bin/../lib/gcc/arm-none-eabi/9.2.1/../../../../arm-none-eabi/lib/thumb/v7-m/nofp\libg.a(lib_a-memmove.o)
 .text          0x0000000000000000        0x0 c:/xpacks/@xpack-dev-tools/arm-none-eabi-gcc/9.2.1-1.1.1/.content/bin/../lib/gcc/arm-none-eabi/9.2.1/../../../../arm-none-eabi/lib/thumb/v7-m/nofp\libg.a(lib_a-mlock.o)
 .data          0x0000000000000000        0x0 c:/xpacks/@xpack-dev-tools/arm-none-eabi-gcc/9.2.1-1.1.1/.content/bin/../lib/gcc/arm-none-eabi/9.2.1/../../../../arm-none-eabi/lib/thumb/v7-m/nofp\libg.a(lib_a-mlock.o)
 .bss           0x0000000000000000        0x0 c:/xpacks/@xpack-dev-tools/arm-none-eabi-gcc/9.2.1-1.1.1/.content/bin/../lib/gcc/arm-none-eabi/9.2.1/../../../../arm-none-eabi/lib/thumb/v7-m/nofp\libg.a(lib_a-mlock.o)
 .text          0x0000000000000000        0x0 c:/xpacks/@xpack-dev-tools/arm-none-eabi-gcc/9.2.1-1.1.1/.content/bin/../lib/gcc/arm-none-eabi/9.2.1/../../../../arm-none-eabi/lib/thumb/v7-m/nofp\libg.a(lib_a-reallocr.o)
 .data          0x0000000000000000        0x0 c:/xpacks/@xpack-dev-tools/arm-none-eabi-gcc/9.2.1-1.1.1/.content/bin/../lib/gcc/arm-none-eabi/9.2.1/../../../../arm-none-eabi/lib/thumb/v7-m/nofp\libg.a(lib_a-reallocr.o)
 .bss           0x0000000000000000        0x0 c:/xpacks/@xpack-dev-tools/arm-none-eabi-gcc/9.2.1-1.1.1/.content/bin/../lib/gcc/arm-none-eabi/9.2.1/../../../../arm-none-eabi/lib/thumb/v7-m/nofp\libg.a(lib_a-reallocr.o)
 .text          0x0000000000000000        0x0 c:/xpacks/@xpack-dev-tools/arm-none-eabi-gcc/9.2.1-1.1.1/.content/bin/../lib/gcc/arm-none-eabi/9.2.1/../../../../arm-none-eabi/lib/thumb/v7-m/nofp\libg.a(lib_a-sbrkr.o)
 .data          0x0000000000000000        0x0 c:/xpacks/@xpack-dev-tools/arm-none-eabi-gcc/9.2.1-1.1.1/.content/bin/../lib/gcc/arm-none-eabi/9.2.1/../../../../arm-none-eabi/lib/thumb/v7-m/nofp\libg.a(lib_a-sbrkr.o)
 .bss           0x0000000000000000        0x0 c:/xpacks/@xpack-dev-tools/arm-none-eabi-gcc/9.2.1-1.1.1/.content/bin/../lib/gcc/arm-none-eabi/9.2.1/../../../../arm-none-eabi/lib/thumb/v7-m/nofp\libg.a(lib_a-sbrkr.o)
 .text          0x0000000000000000        0x0 c:/xpacks/@xpack-dev-tools/arm-none-eabi-gcc/9.2.1-1.1.1/.content/bin/../lib/gcc/arm-none-eabi/9.2.1/../../../../arm-none-eabi/lib/thumb/v7-m/nofp\libg.a(lib_a-stdio.o)
 .data          0x0000000000000000        0x0 c:/xpacks/@xpack-dev-tools/arm-none-eabi-gcc/9.2.1-1.1.1/.content/bin/../lib/gcc/arm-none-eabi/9.2.1/../../../../arm-none-eabi/lib/thumb/v7-m/nofp\libg.a(lib_a-stdio.o)
 .bss           0x0000000000000000        0x0 c:/xpacks/@xpack-dev-tools/arm-none-eabi-gcc/9.2.1-1.1.1/.content/bin/../lib/gcc/arm-none-eabi/9.2.1/../../../../arm-none-eabi/lib/thumb/v7-m/nofp\libg.a(lib_a-stdio.o)
 .text.__seofread
                0x0000000000000000        0x4 c:/xpacks/@xpack-dev-tools/arm-none-eabi-gcc/9.2.1-1.1.1/.content/bin/../lib/gcc/arm-none-eabi/9.2.1/../../../../arm-none-eabi/lib/thumb/v7-m/nofp\libg.a(lib_a-stdio.o)
 .text          0x0000000000000000        0x0 c:/xpacks/@xpack-dev-tools/arm-none-eabi-gcc/9.2.1-1.1.1/.content/bin/../lib/gcc/arm-none-eabi/9.2.1/../../../../arm-none-eabi/lib/thumb/v7-m/nofp\libg.a(lib_a-writer.o)
 .data          0x0000000000000000        0x0 c:/xpacks/@xpack-dev-tools/arm-none-eabi-gcc/9.2.1-1.1.1/.content/bin/../lib/gcc/arm-none-eabi/9.2.1/../../../../arm-none-eabi/lib/thumb/v7-m/nofp\libg.a(lib_a-writer.o)
 .bss           0x0000000000000000        0x0 c:/xpacks/@xpack-dev-tools/arm-none-eabi-gcc/9.2.1-1.1.1/.content/bin/../lib/gcc/arm-none-eabi/9.2.1/../../../../arm-none-eabi/lib/thumb/v7-m/nofp\libg.a(lib_a-writer.o)
 .text          0x0000000000000000        0x0 c:/xpacks/@xpack-dev-tools/arm-none-eabi-gcc/9.2.1-1.1.1/.content/bin/../lib/gcc/arm-none-eabi/9.2.1/../../../../arm-none-eabi/lib/thumb/v7-m/nofp\libg.a(lib_a-wsetup.o)
 .data          0x0000000000000000        0x0 c:/xpacks/@xpack-dev-tools/arm-none-eabi-gcc/9.2.1-1.1.1/.content/bin/../lib/gcc/arm-none-eabi/9.2.1/../../../../arm-none-eabi/lib/thumb/v7-m/nofp\libg.a(lib_a-wsetup.o)
 .bss           0x0000000000000000        0x0 c:/xpacks/@xpack-dev-tools/arm-none-eabi-gcc/9.2.1-1.1.1/.content/bin/../lib/gcc/arm-none-eabi/9.2.1/../../../../arm-none-eabi/lib/thumb/v7-m/nofp\libg.a(lib_a-wsetup.o)
 .text          0x0000000000000000        0x0 c:/xpacks/@xpack-dev-tools/arm-none-eabi-gcc/9.2.1-1.1.1/.content/bin/../lib/gcc/arm-none-eabi/9.2.1/../../../../arm-none-eabi/lib/thumb/v7-m/nofp\libg.a(lib_a-__atexit.o)
 .data          0x0000000000000000        0x0 c:/xpacks/@xpack-dev-tools/arm-none-eabi-gcc/9.2.1-1.1.1/.content/bin/../lib/gcc/arm-none-eabi/9.2.1/../../../../arm-none-eabi/lib/thumb/v7-m/nofp\libg.a(lib_a-__atexit.o)
 .bss           0x0000000000000000        0x0 c:/xpacks/@xpack-dev-tools/arm-none-eabi-gcc/9.2.1-1.1.1/.content/bin/../lib/gcc/arm-none-eabi/9.2.1/../../../../arm-none-eabi/lib/thumb/v7-m/nofp\libg.a(lib_a-__atexit.o)
 .text          0x0000000000000000        0x0 c:/xpacks/@xpack-dev-tools/arm-none-eabi-gcc/9.2.1-1.1.1/.content/bin/../lib/gcc/arm-none-eabi/9.2.1/../../../../arm-none-eabi/lib/thumb/v7-m/nofp\libg.a(lib_a-closer.o)
 .data          0x0000000000000000        0x0 c:/xpacks/@xpack-dev-tools/arm-none-eabi-gcc/9.2.1-1.1.1/.content/bin/../lib/gcc/arm-none-eabi/9.2.1/../../../../arm-none-eabi/lib/thumb/v7-m/nofp\libg.a(lib_a-closer.o)
 .bss           0x0000000000000000        0x0 c:/xpacks/@xpack-dev-tools/arm-none-eabi-gcc/9.2.1-1.1.1/.content/bin/../lib/gcc/arm-none-eabi/9.2.1/../../../../arm-none-eabi/lib/thumb/v7-m/nofp\libg.a(lib_a-closer.o)
 .text          0x0000000000000000        0x0 c:/xpacks/@xpack-dev-tools/arm-none-eabi-gcc/9.2.1-1.1.1/.content/bin/../lib/gcc/arm-none-eabi/9.2.1/../../../../arm-none-eabi/lib/thumb/v7-m/nofp\libg.a(lib_a-fclose.o)
 .data          0x0000000000000000        0x0 c:/xpacks/@xpack-dev-tools/arm-none-eabi-gcc/9.2.1-1.1.1/.content/bin/../lib/gcc/arm-none-eabi/9.2.1/../../../../arm-none-eabi/lib/thumb/v7-m/nofp\libg.a(lib_a-fclose.o)
 .bss           0x0000000000000000        0x0 c:/xpacks/@xpack-dev-tools/arm-none-eabi-gcc/9.2.1-1.1.1/.content/bin/../lib/gcc/arm-none-eabi/9.2.1/../../../../arm-none-eabi/lib/thumb/v7-m/nofp\libg.a(lib_a-fclose.o)
 .text.fclose   0x0000000000000000       0x10 c:/xpacks/@xpack-dev-tools/arm-none-eabi-gcc/9.2.1-1.1.1/.content/bin/../lib/gcc/arm-none-eabi/9.2.1/../../../../arm-none-eabi/lib/thumb/v7-m/nofp\libg.a(lib_a-fclose.o)
 .text          0x0000000000000000        0x0 c:/xpacks/@xpack-dev-tools/arm-none-eabi-gcc/9.2.1-1.1.1/.content/bin/../lib/gcc/arm-none-eabi/9.2.1/../../../../arm-none-eabi/lib/thumb/v7-m/nofp\libg.a(lib_a-fflush.o)
 .data          0x0000000000000000        0x0 c:/xpacks/@xpack-dev-tools/arm-none-eabi-gcc/9.2.1-1.1.1/.content/bin/../lib/gcc/arm-none-eabi/9.2.1/../../../../arm-none-eabi/lib/thumb/v7-m/nofp\libg.a(lib_a-fflush.o)
 .bss           0x0000000000000000        0x0 c:/xpacks/@xpack-dev-tools/arm-none-eabi-gcc/9.2.1-1.1.1/.content/bin/../lib/gcc/arm-none-eabi/9.2.1/../../../../arm-none-eabi/lib/thumb/v7-m/nofp\libg.a(lib_a-fflush.o)
 .text.fflush   0x0000000000000000       0x24 c:/xpacks/@xpack-dev-tools/arm-none-eabi-gcc/9.2.1-1.1.1/.content/bin/../lib/gcc/arm-none-eabi/9.2.1/../../../../arm-none-eabi/lib/thumb/v7-m/nofp\libg.a(lib_a-fflush.o)
 .text          0x0000000000000000        0x0 c:/xpacks/@xpack-dev-tools/arm-none-eabi-gcc/9.2.1-1.1.1/.content/bin/../lib/gcc/arm-none-eabi/9.2.1/../../../../arm-none-eabi/lib/thumb/v7-m/nofp\libg.a(lib_a-freer.o)
 .data          0x0000000000000000        0x0 c:/xpacks/@xpack-dev-tools/arm-none-eabi-gcc/9.2.1-1.1.1/.content/bin/../lib/gcc/arm-none-eabi/9.2.1/../../../../arm-none-eabi/lib/thumb/v7-m/nofp\libg.a(lib_a-freer.o)
 .bss           0x0000000000000000        0x0 c:/xpacks/@xpack-dev-tools/arm-none-eabi-gcc/9.2.1-1.1.1/.content/bin/../lib/gcc/arm-none-eabi/9.2.1/../../../../arm-none-eabi/lib/thumb/v7-m/nofp\libg.a(lib_a-freer.o)
 .text          0x0000000000000000        0x0 c:/xpacks/@xpack-dev-tools/arm-none-eabi-gcc/9.2.1-1.1.1/.content/bin/../lib/gcc/arm-none-eabi/9.2.1/../../../../arm-none-eabi/lib/thumb/v7-m/nofp\libg.a(lib_a-lseekr.o)
 .data          0x0000000000000000        0x0 c:/xpacks/@xpack-dev-tools/arm-none-eabi-gcc/9.2.1-1.1.1/.content/bin/../lib/gcc/arm-none-eabi/9.2.1/../../../../arm-none-eabi/lib/thumb/v7-m/nofp\libg.a(lib_a-lseekr.o)
 .bss           0x0000000000000000        0x0 c:/xpacks/@xpack-dev-tools/arm-none-eabi-gcc/9.2.1-1.1.1/.content/bin/../lib/gcc/arm-none-eabi/9.2.1/../../../../arm-none-eabi/lib/thumb/v7-m/nofp\libg.a(lib_a-lseekr.o)
 .text          0x0000000000000000        0x0 c:/xpacks/@xpack-dev-tools/arm-none-eabi-gcc/9.2.1-1.1.1/.content/bin/../lib/gcc/arm-none-eabi/9.2.1/../../../../arm-none-eabi/lib/thumb/v7-m/nofp\libg.a(lib_a-makebuf.o)
 .data          0x0000000000000000        0x0 c:/xpacks/@xpack-dev-tools/arm-none-eabi-gcc/9.2.1-1.1.1/.content/bin/../lib/gcc/arm-none-eabi/9.2.1/../../../../arm-none-eabi/lib/thumb/v7-m/nofp\libg.a(lib_a-makebuf.o)
 .bss           0x0000000000000000        0x0 c:/xpacks/@xpack-dev-tools/arm-none-eabi-gcc/9.2.1-1.1.1/.content/bin/../lib/gcc/arm-none-eabi/9.2.1/../../../../arm-none-eabi/lib/thumb/v7-m/nofp\libg.a(lib_a-makebuf.o)
 .text          0x0000000000000000        0x0 c:/xpacks/@xpack-dev-tools/arm-none-eabi-gcc/9.2.1-1.1.1/.content/bin/../lib/gcc/arm-none-eabi/9.2.1/../../../../arm-none-eabi/lib/thumb/v7-m/nofp\libg.a(lib_a-readr.o)
 .data          0x0000000000000000        0x0 c:/xpacks/@xpack-dev-tools/arm-none-eabi-gcc/9.2.1-1.1.1/.content/bin/../lib/gcc/arm-none-eabi/9.2.1/../../../../arm-none-eabi/lib/thumb/v7-m/nofp\libg.a(lib_a-readr.o)
 .bss           0x0000000000000000        0x0 c:/xpacks/@xpack-dev-tools/arm-none-eabi-gcc/9.2.1-1.1.1/.content/bin/../lib/gcc/arm-none-eabi/9.2.1/../../../../arm-none-eabi/lib/thumb/v7-m/nofp\libg.a(lib_a-readr.o)
 .text          0x0000000000000000        0x0 c:/xpacks/@xpack-dev-tools/arm-none-eabi-gcc/9.2.1-1.1.1/.content/bin/../lib/gcc/arm-none-eabi/9.2.1/../../../../arm-none-eabi/lib/thumb/v7-m/nofp\libg.a(lib_a-reent.o)
 .data          0x0000000000000000        0x0 c:/xpacks/@xpack-dev-tools/arm-none-eabi-gcc/9.2.1-1.1.1/.content/bin/../lib/gcc/arm-none-eabi/9.2.1/../../../../arm-none-eabi/lib/thumb/v7-m/nofp\libg.a(lib_a-reent.o)
 .bss           0x0000000000000000        0x0 c:/xpacks/@xpack-dev-tools/arm-none-eabi-gcc/9.2.1-1.1.1/.content/bin/../lib/gcc/arm-none-eabi/9.2.1/../../../../arm-none-eabi/lib/thumb/v7-m/nofp\libg.a(lib_a-reent.o)
 .text.cleanup_glue
                0x0000000000000000       0x1c c:/xpacks/@xpack-dev-tools/arm-none-eabi-gcc/9.2.1-1.1.1/.content/bin/../lib/gcc/arm-none-eabi/9.2.1/../../../../arm-none-eabi/lib/thumb/v7-m/nofp\libg.a(lib_a-reent.o)
 .text._reclaim_reent
                0x0000000000000000       0x84 c:/xpacks/@xpack-dev-tools/arm-none-eabi-gcc/9.2.1-1.1.1/.content/bin/../lib/gcc/arm-none-eabi/9.2.1/../../../../arm-none-eabi/lib/thumb/v7-m/nofp\libg.a(lib_a-reent.o)
 .text          0x0000000000000000        0x0 c:/xpacks/@xpack-dev-tools/arm-none-eabi-gcc/9.2.1-1.1.1/.content/bin/../lib/gcc/arm-none-eabi/9.2.1/../../../../arm-none-eabi/lib/thumb/v7-m/nofp\libg.a(lib_a-fstatr.o)
 .data          0x0000000000000000        0x0 c:/xpacks/@xpack-dev-tools/arm-none-eabi-gcc/9.2.1-1.1.1/.content/bin/../lib/gcc/arm-none-eabi/9.2.1/../../../../arm-none-eabi/lib/thumb/v7-m/nofp\libg.a(lib_a-fstatr.o)
 .bss           0x0000000000000000        0x0 c:/xpacks/@xpack-dev-tools/arm-none-eabi-gcc/9.2.1-1.1.1/.content/bin/../lib/gcc/arm-none-eabi/9.2.1/../../../../arm-none-eabi/lib/thumb/v7-m/nofp\libg.a(lib_a-fstatr.o)
 .text          0x0000000000000000        0x0 c:/xpacks/@xpack-dev-tools/arm-none-eabi-gcc/9.2.1-1.1.1/.content/bin/../lib/gcc/arm-none-eabi/9.2.1/../../../../arm-none-eabi/lib/thumb/v7-m/nofp\libg.a(lib_a-isattyr.o)
 .data          0x0000000000000000        0x0 c:/xpacks/@xpack-dev-tools/arm-none-eabi-gcc/9.2.1-1.1.1/.content/bin/../lib/gcc/arm-none-eabi/9.2.1/../../../../arm-none-eabi/lib/thumb/v7-m/nofp\libg.a(lib_a-isattyr.o)
 .bss           0x0000000000000000        0x0 c:/xpacks/@xpack-dev-tools/arm-none-eabi-gcc/9.2.1-1.1.1/.content/bin/../lib/gcc/arm-none-eabi/9.2.1/../../../../arm-none-eabi/lib/thumb/v7-m/nofp\libg.a(lib_a-isattyr.o)
 .text          0x0000000000000000        0x0 c:/xpacks/@xpack-dev-tools/arm-none-eabi-gcc/9.2.1-1.1.1/.content/bin/../lib/gcc/arm-none-eabi/9.2.1/thumb/v7-m/nofp/crtend.o
 .data          0x0000000000000000        0x0 c:/xpacks/@xpack-dev-tools/arm-none-eabi-gcc/9.2.1-1.1.1/.content/bin/../lib/gcc/arm-none-eabi/9.2.1/thumb/v7-m/nofp/crtend.o
 .bss           0x0000000000000000        0x0 c:/xpacks/@xpack-dev-tools/arm-none-eabi-gcc/9.2.1-1.1.1/.content/bin/../lib/gcc/arm-none-eabi/9.2.1/thumb/v7-m/nofp/crtend.o
 .text          0x0000000000000000        0x0 c:/xpacks/@xpack-dev-tools/arm-none-eabi-gcc/9.2.1-1.1.1/.content/bin/../lib/gcc/arm-none-eabi/9.2.1/thumb/v7-m/nofp/crtn.o
 .data          0x0000000000000000        0x0 c:/xpacks/@xpack-dev-tools/arm-none-eabi-gcc/9.2.1-1.1.1/.content/bin/../lib/gcc/arm-none-eabi/9.2.1/thumb/v7-m/nofp/crtn.o
 .bss           0x0000000000000000        0x0 c:/xpacks/@xpack-dev-tools/arm-none-eabi-gcc/9.2.1-1.1.1/.content/bin/../lib/gcc/arm-none-eabi/9.2.1/thumb/v7-m/nofp/crtn.o

Memory Configuration

Name             Origin             Length             Attributes
*default*        0x0000000000000000 0xffffffffffffffff

Linker script and memory map

LOAD c:/xpacks/@xpack-dev-tools/arm-none-eabi-gcc/9.2.1-1.1.1/.content/bin/../lib/gcc/arm-none-eabi/9.2.1/thumb/v7-m/nofp/crti.o
LOAD c:/xpacks/@xpack-dev-tools/arm-none-eabi-gcc/9.2.1-1.1.1/.content/bin/../lib/gcc/arm-none-eabi/9.2.1/thumb/v7-m/nofp/crtbegin.o
LOAD c:/xpacks/@xpack-dev-tools/arm-none-eabi-gcc/9.2.1-1.1.1/.content/bin/../lib/gcc/arm-none-eabi/9.2.1/../../../../arm-none-eabi/lib/thumb/v7-m/nofp/crt0.o
LOAD ./hello.o
START GROUP
LOAD c:/xpacks/@xpack-dev-tools/arm-none-eabi-gcc/9.2.1-1.1.1/.content/bin/../lib/gcc/arm-none-eabi/9.2.1/thumb/v7-m/nofp\libgcc.a
LOAD c:/xpacks/@xpack-dev-tools/arm-none-eabi-gcc/9.2.1-1.1.1/.content/bin/../lib/gcc/arm-none-eabi/9.2.1/../../../../arm-none-eabi/lib/thumb/v7-m/nofp\libg.a
LOAD c:/xpacks/@xpack-dev-tools/arm-none-eabi-gcc/9.2.1-1.1.1/.content/bin/../lib/gcc/arm-none-eabi/9.2.1/../../../../arm-none-eabi/lib/thumb/v7-m/nofp\libc.a
END GROUP
LOAD c:/xpacks/@xpack-dev-tools/arm-none-eabi-gcc/9.2.1-1.1.1/.content/bin/../lib/gcc/arm-none-eabi/9.2.1/thumb/v7-m/nofp/crtend.o
LOAD c:/xpacks/@xpack-dev-tools/arm-none-eabi-gcc/9.2.1-1.1.1/.content/bin/../lib/gcc/arm-none-eabi/9.2.1/thumb/v7-m/nofp/crtn.o
                [!provide]                        PROVIDE (__executable_start = SEGMENT_START ("text-segment", 0x8000))
                0x0000000000008000                . = SEGMENT_START ("text-segment", 0x8000)

.interp
 *(.interp)

.note.gnu.build-id
 *(.note.gnu.build-id)

.hash
 *(.hash)

.gnu.hash
 *(.gnu.hash)

.dynsym
 *(.dynsym)

.dynstr
 *(.dynstr)

.gnu.version
 *(.gnu.version)

.gnu.version_d
 *(.gnu.version_d)

.gnu.version_r
 *(.gnu.version_r)

.rel.dyn        0x0000000000008000        0x0
 *(.rel.init)
 *(.rel.text .rel.text.* .rel.gnu.linkonce.t.*)
 *(.rel.fini)
 *(.rel.rodata .rel.rodata.* .rel.gnu.linkonce.r.*)
 *(.rel.data.rel.ro .rel.data.rel.ro.* .rel.gnu.linkonce.d.rel.ro.*)
 *(.rel.data .rel.data.* .rel.gnu.linkonce.d.*)
 *(.rel.tdata .rel.tdata.* .rel.gnu.linkonce.td.*)
 *(.rel.tbss .rel.tbss.* .rel.gnu.linkonce.tb.*)
 *(.rel.ctors)
 *(.rel.dtors)
 *(.rel.got)
 *(.rel.bss .rel.bss.* .rel.gnu.linkonce.b.*)
                [!provide]                        PROVIDE (__rel_iplt_start = .)
 *(.rel.iplt)
 .rel.iplt      0x0000000000008000        0x0 c:/xpacks/@xpack-dev-tools/arm-none-eabi-gcc/9.2.1-1.1.1/.content/bin/../lib/gcc/arm-none-eabi/9.2.1/thumb/v7-m/nofp/crtbegin.o
                [!provide]                        PROVIDE (__rel_iplt_end = .)

.rela.dyn       0x0000000000008000        0x0
 *(.rela.init)
 *(.rela.text .rela.text.* .rela.gnu.linkonce.t.*)
 *(.rela.fini)
 *(.rela.rodata .rela.rodata.* .rela.gnu.linkonce.r.*)
 *(.rela.data .rela.data.* .rela.gnu.linkonce.d.*)
 *(.rela.tdata .rela.tdata.* .rela.gnu.linkonce.td.*)
 *(.rela.tbss .rela.tbss.* .rela.gnu.linkonce.tb.*)
 *(.rela.ctors)
 *(.rela.dtors)
 *(.rela.got)
 *(.rela.bss .rela.bss.* .rela.gnu.linkonce.b.*)
                [!provide]                        PROVIDE (__rela_iplt_start = .)
 *(.rela.iplt)
                [!provide]                        PROVIDE (__rela_iplt_end = .)

.rel.plt
 *(.rel.plt)

.rela.plt
 *(.rela.plt)

.init           0x0000000000008000        0xc
 *(SORT_NONE(.init))
 .init          0x0000000000008000        0x4 c:/xpacks/@xpack-dev-tools/arm-none-eabi-gcc/9.2.1-1.1.1/.content/bin/../lib/gcc/arm-none-eabi/9.2.1/thumb/v7-m/nofp/crti.o
                0x0000000000008000                _init
 .init          0x0000000000008004        0x8 c:/xpacks/@xpack-dev-tools/arm-none-eabi-gcc/9.2.1-1.1.1/.content/bin/../lib/gcc/arm-none-eabi/9.2.1/thumb/v7-m/nofp/crtn.o

.plt
 *(.plt)

.iplt           0x000000000000800c        0x0
 *(.iplt)
 .iplt          0x000000000000800c        0x0 c:/xpacks/@xpack-dev-tools/arm-none-eabi-gcc/9.2.1-1.1.1/.content/bin/../lib/gcc/arm-none-eabi/9.2.1/thumb/v7-m/nofp/crtbegin.o

.text           0x000000000000800c     0x1c84
 *(.text.unlikely .text.*_unlikely .text.unlikely.*)
 *(.text.exit .text.exit.*)
 .text.exit     0x000000000000800c       0x20 c:/xpacks/@xpack-dev-tools/arm-none-eabi-gcc/9.2.1-1.1.1/.content/bin/../lib/gcc/arm-none-eabi/9.2.1/../../../../arm-none-eabi/lib/thumb/v7-m/nofp\libg.a(lib_a-exit.o)
                0x000000000000800c                exit
 *(.text.startup .text.startup.*)
 .text.startup.register_fini
                0x000000000000802c       0x14 c:/xpacks/@xpack-dev-tools/arm-none-eabi-gcc/9.2.1-1.1.1/.content/bin/../lib/gcc/arm-none-eabi/9.2.1/../../../../arm-none-eabi/lib/thumb/v7-m/nofp\libg.a(lib_a-__call_atexit.o)
 *(.text.hot .text.hot.*)
 *(.text .stub .text.* .gnu.linkonce.t.*)
 .text.__do_global_dtors_aux
                0x0000000000008040       0x24 c:/xpacks/@xpack-dev-tools/arm-none-eabi-gcc/9.2.1-1.1.1/.content/bin/../lib/gcc/arm-none-eabi/9.2.1/thumb/v7-m/nofp/crtbegin.o
 .text.frame_dummy
                0x0000000000008064       0x1c c:/xpacks/@xpack-dev-tools/arm-none-eabi-gcc/9.2.1-1.1.1/.content/bin/../lib/gcc/arm-none-eabi/9.2.1/thumb/v7-m/nofp/crtbegin.o
 .text          0x0000000000008080       0x74 c:/xpacks/@xpack-dev-tools/arm-none-eabi-gcc/9.2.1-1.1.1/.content/bin/../lib/gcc/arm-none-eabi/9.2.1/../../../../arm-none-eabi/lib/thumb/v7-m/nofp/crt0.o
                0x0000000000008080                _start
                0x0000000000008080                _mainCRTStartup
 .text.main     0x00000000000080f4       0x14 ./hello.o
                0x00000000000080f4                main
 .text.__libc_init_array
                0x0000000000008108       0x48 c:/xpacks/@xpack-dev-tools/arm-none-eabi-gcc/9.2.1-1.1.1/.content/bin/../lib/gcc/arm-none-eabi/9.2.1/../../../../arm-none-eabi/lib/thumb/v7-m/nofp\libg.a(lib_a-init.o)
                0x0000000000008108                __libc_init_array
 .text.memset   0x0000000000008150       0xa0 c:/xpacks/@xpack-dev-tools/arm-none-eabi-gcc/9.2.1-1.1.1/.content/bin/../lib/gcc/arm-none-eabi/9.2.1/../../../../arm-none-eabi/lib/thumb/v7-m/nofp\libg.a(lib_a-memset.o)
                0x0000000000008150                memset
 .text._puts_r  0x00000000000081f0       0x9c c:/xpacks/@xpack-dev-tools/arm-none-eabi-gcc/9.2.1-1.1.1/.content/bin/../lib/gcc/arm-none-eabi/9.2.1/../../../../arm-none-eabi/lib/thumb/v7-m/nofp\libg.a(lib_a-puts.o)
                0x00000000000081f0                _puts_r
 .text.puts     0x000000000000828c       0x10 c:/xpacks/@xpack-dev-tools/arm-none-eabi-gcc/9.2.1-1.1.1/.content/bin/../lib/gcc/arm-none-eabi/9.2.1/../../../../arm-none-eabi/lib/thumb/v7-m/nofp\libg.a(lib_a-puts.o)
                0x000000000000828c                puts
 .text.strlen   0x000000000000829c       0x5c c:/xpacks/@xpack-dev-tools/arm-none-eabi-gcc/9.2.1-1.1.1/.content/bin/../lib/gcc/arm-none-eabi/9.2.1/../../../../arm-none-eabi/lib/thumb/v7-m/nofp\libg.a(lib_a-strlen-stub.o)
                0x000000000000829c                strlen
 .text.__call_exitprocs
                0x00000000000082f8       0xc0 c:/xpacks/@xpack-dev-tools/arm-none-eabi-gcc/9.2.1-1.1.1/.content/bin/../lib/gcc/arm-none-eabi/9.2.1/../../../../arm-none-eabi/lib/thumb/v7-m/nofp\libg.a(lib_a-__call_atexit.o)
                0x00000000000082f8                __call_exitprocs
 .text.atexit   0x00000000000083b8        0xc c:/xpacks/@xpack-dev-tools/arm-none-eabi-gcc/9.2.1-1.1.1/.content/bin/../lib/gcc/arm-none-eabi/9.2.1/../../../../arm-none-eabi/lib/thumb/v7-m/nofp\libg.a(lib_a-atexit.o)
                0x00000000000083b8                atexit
 .text.std      0x00000000000083c4       0x50 c:/xpacks/@xpack-dev-tools/arm-none-eabi-gcc/9.2.1-1.1.1/.content/bin/../lib/gcc/arm-none-eabi/9.2.1/../../../../arm-none-eabi/lib/thumb/v7-m/nofp\libg.a(lib_a-findfp.o)
 .text._cleanup_r
                0x0000000000008414        0xc c:/xpacks/@xpack-dev-tools/arm-none-eabi-gcc/9.2.1-1.1.1/.content/bin/../lib/gcc/arm-none-eabi/9.2.1/../../../../arm-none-eabi/lib/thumb/v7-m/nofp\libg.a(lib_a-findfp.o)
                0x0000000000008414                _cleanup_r
 .text.__sinit  0x0000000000008420       0x5c c:/xpacks/@xpack-dev-tools/arm-none-eabi-gcc/9.2.1-1.1.1/.content/bin/../lib/gcc/arm-none-eabi/9.2.1/../../../../arm-none-eabi/lib/thumb/v7-m/nofp\libg.a(lib_a-findfp.o)
                0x0000000000008420                __sinit
 .text.__sfp_lock_acquire
                0x000000000000847c        0xc c:/xpacks/@xpack-dev-tools/arm-none-eabi-gcc/9.2.1-1.1.1/.content/bin/../lib/gcc/arm-none-eabi/9.2.1/../../../../arm-none-eabi/lib/thumb/v7-m/nofp\libg.a(lib_a-findfp.o)
                0x000000000000847c                __sfp_lock_acquire
 .text.__sfp_lock_release
                0x0000000000008488        0xc c:/xpacks/@xpack-dev-tools/arm-none-eabi-gcc/9.2.1-1.1.1/.content/bin/../lib/gcc/arm-none-eabi/9.2.1/../../../../arm-none-eabi/lib/thumb/v7-m/nofp\libg.a(lib_a-findfp.o)
                0x0000000000008488                __sfp_lock_release
 .text.__libc_fini_array
                0x0000000000008494       0x2c c:/xpacks/@xpack-dev-tools/arm-none-eabi-gcc/9.2.1-1.1.1/.content/bin/../lib/gcc/arm-none-eabi/9.2.1/../../../../arm-none-eabi/lib/thumb/v7-m/nofp\libg.a(lib_a-fini.o)
                0x0000000000008494                __libc_fini_array
 .text.__sfvwrite_r
                0x00000000000084c0      0x2ec c:/xpacks/@xpack-dev-tools/arm-none-eabi-gcc/9.2.1-1.1.1/.content/bin/../lib/gcc/arm-none-eabi/9.2.1/../../../../arm-none-eabi/lib/thumb/v7-m/nofp\libg.a(lib_a-fvwrite.o)
                0x00000000000084c0                __sfvwrite_r
 .text._fwalk_reent
                0x00000000000087ac       0x48 c:/xpacks/@xpack-dev-tools/arm-none-eabi-gcc/9.2.1-1.1.1/.content/bin/../lib/gcc/arm-none-eabi/9.2.1/../../../../arm-none-eabi/lib/thumb/v7-m/nofp\libg.a(lib_a-fwalk.o)
                0x00000000000087ac                _fwalk_reent
 .text.__retarget_lock_init_recursive
                0x00000000000087f4        0x4 c:/xpacks/@xpack-dev-tools/arm-none-eabi-gcc/9.2.1-1.1.1/.content/bin/../lib/gcc/arm-none-eabi/9.2.1/../../../../arm-none-eabi/lib/thumb/v7-m/nofp\libg.a(lib_a-lock.o)
                0x00000000000087f4                __retarget_lock_init_recursive
 .text.__retarget_lock_close_recursive
                0x00000000000087f8        0x4 c:/xpacks/@xpack-dev-tools/arm-none-eabi-gcc/9.2.1-1.1.1/.content/bin/../lib/gcc/arm-none-eabi/9.2.1/../../../../arm-none-eabi/lib/thumb/v7-m/nofp\libg.a(lib_a-lock.o)
                0x00000000000087f8                __retarget_lock_close_recursive
 .text.__retarget_lock_acquire_recursive
                0x00000000000087fc        0x4 c:/xpacks/@xpack-dev-tools/arm-none-eabi-gcc/9.2.1-1.1.1/.content/bin/../lib/gcc/arm-none-eabi/9.2.1/../../../../arm-none-eabi/lib/thumb/v7-m/nofp\libg.a(lib_a-lock.o)
                0x00000000000087fc                __retarget_lock_acquire_recursive
 .text.__retarget_lock_release_recursive
                0x0000000000008800        0x4 c:/xpacks/@xpack-dev-tools/arm-none-eabi-gcc/9.2.1-1.1.1/.content/bin/../lib/gcc/arm-none-eabi/9.2.1/../../../../arm-none-eabi/lib/thumb/v7-m/nofp\libg.a(lib_a-lock.o)
                0x0000000000008800                __retarget_lock_release_recursive
 .text._malloc_r
                0x0000000000008804      0x55c c:/xpacks/@xpack-dev-tools/arm-none-eabi-gcc/9.2.1-1.1.1/.content/bin/../lib/gcc/arm-none-eabi/9.2.1/../../../../arm-none-eabi/lib/thumb/v7-m/nofp\libg.a(lib_a-mallocr.o)
                0x0000000000008804                _malloc_r
 .text.memchr   0x0000000000008d60       0x80 c:/xpacks/@xpack-dev-tools/arm-none-eabi-gcc/9.2.1-1.1.1/.content/bin/../lib/gcc/arm-none-eabi/9.2.1/../../../../arm-none-eabi/lib/thumb/v7-m/nofp\libg.a(lib_a-memchr-stub.o)
                0x0000000000008d60                memchr
 .text          0x0000000000008de0       0xec c:/xpacks/@xpack-dev-tools/arm-none-eabi-gcc/9.2.1-1.1.1/.content/bin/../lib/gcc/arm-none-eabi/9.2.1/../../../../arm-none-eabi/lib/thumb/v7-m/nofp\libg.a(lib_a-memcpy.o)
                0x0000000000008de0                memcpy
 .text.memmove  0x0000000000008ecc       0xd4 c:/xpacks/@xpack-dev-tools/arm-none-eabi-gcc/9.2.1-1.1.1/.content/bin/../lib/gcc/arm-none-eabi/9.2.1/../../../../arm-none-eabi/lib/thumb/v7-m/nofp\libg.a(lib_a-memmove.o)
                0x0000000000008ecc                memmove
 .text.__malloc_lock
                0x0000000000008fa0        0xc c:/xpacks/@xpack-dev-tools/arm-none-eabi-gcc/9.2.1-1.1.1/.content/bin/../lib/gcc/arm-none-eabi/9.2.1/../../../../arm-none-eabi/lib/thumb/v7-m/nofp\libg.a(lib_a-mlock.o)
                0x0000000000008fa0                __malloc_lock
 .text.__malloc_unlock
                0x0000000000008fac        0xc c:/xpacks/@xpack-dev-tools/arm-none-eabi-gcc/9.2.1-1.1.1/.content/bin/../lib/gcc/arm-none-eabi/9.2.1/../../../../arm-none-eabi/lib/thumb/v7-m/nofp\libg.a(lib_a-mlock.o)
                0x0000000000008fac                __malloc_unlock
 .text._realloc_r
                0x0000000000008fb8      0x3e0 c:/xpacks/@xpack-dev-tools/arm-none-eabi-gcc/9.2.1-1.1.1/.content/bin/../lib/gcc/arm-none-eabi/9.2.1/../../../../arm-none-eabi/lib/thumb/v7-m/nofp\libg.a(lib_a-reallocr.o)
                0x0000000000008fb8                _realloc_r
 .text._sbrk_r  0x0000000000009398       0x24 c:/xpacks/@xpack-dev-tools/arm-none-eabi-gcc/9.2.1-1.1.1/.content/bin/../lib/gcc/arm-none-eabi/9.2.1/../../../../arm-none-eabi/lib/thumb/v7-m/nofp\libg.a(lib_a-sbrkr.o)
                0x0000000000009398                _sbrk_r
 .text.__sread  0x00000000000093bc       0x24 c:/xpacks/@xpack-dev-tools/arm-none-eabi-gcc/9.2.1-1.1.1/.content/bin/../lib/gcc/arm-none-eabi/9.2.1/../../../../arm-none-eabi/lib/thumb/v7-m/nofp\libg.a(lib_a-stdio.o)
                0x00000000000093bc                __sread
 .text.__swrite
                0x00000000000093e0       0x40 c:/xpacks/@xpack-dev-tools/arm-none-eabi-gcc/9.2.1-1.1.1/.content/bin/../lib/gcc/arm-none-eabi/9.2.1/../../../../arm-none-eabi/lib/thumb/v7-m/nofp\libg.a(lib_a-stdio.o)
                0x00000000000093e0                __swrite
 .text.__sseek  0x0000000000009420       0x20 c:/xpacks/@xpack-dev-tools/arm-none-eabi-gcc/9.2.1-1.1.1/.content/bin/../lib/gcc/arm-none-eabi/9.2.1/../../../../arm-none-eabi/lib/thumb/v7-m/nofp\libg.a(lib_a-stdio.o)
                0x0000000000009420                __sseek
 .text.__sclose
                0x0000000000009440        0x8 c:/xpacks/@xpack-dev-tools/arm-none-eabi-gcc/9.2.1-1.1.1/.content/bin/../lib/gcc/arm-none-eabi/9.2.1/../../../../arm-none-eabi/lib/thumb/v7-m/nofp\libg.a(lib_a-stdio.o)
                0x0000000000009440                __sclose
 .text._write_r
                0x0000000000009448       0x2c c:/xpacks/@xpack-dev-tools/arm-none-eabi-gcc/9.2.1-1.1.1/.content/bin/../lib/gcc/arm-none-eabi/9.2.1/../../../../arm-none-eabi/lib/thumb/v7-m/nofp\libg.a(lib_a-writer.o)
                0x0000000000009448                _write_r
 .text.__swsetup_r
                0x0000000000009474       0xd0 c:/xpacks/@xpack-dev-tools/arm-none-eabi-gcc/9.2.1-1.1.1/.content/bin/../lib/gcc/arm-none-eabi/9.2.1/../../../../arm-none-eabi/lib/thumb/v7-m/nofp\libg.a(lib_a-wsetup.o)
                0x0000000000009474                __swsetup_r
 .text.__register_exitproc
                0x0000000000009544       0x8c c:/xpacks/@xpack-dev-tools/arm-none-eabi-gcc/9.2.1-1.1.1/.content/bin/../lib/gcc/arm-none-eabi/9.2.1/../../../../arm-none-eabi/lib/thumb/v7-m/nofp\libg.a(lib_a-__atexit.o)
                0x0000000000009544                __register_exitproc
 .text._close_r
                0x00000000000095d0       0x24 c:/xpacks/@xpack-dev-tools/arm-none-eabi-gcc/9.2.1-1.1.1/.content/bin/../lib/gcc/arm-none-eabi/9.2.1/../../../../arm-none-eabi/lib/thumb/v7-m/nofp\libg.a(lib_a-closer.o)
                0x00000000000095d0                _close_r
 .text._fclose_r
                0x00000000000095f4       0xcc c:/xpacks/@xpack-dev-tools/arm-none-eabi-gcc/9.2.1-1.1.1/.content/bin/../lib/gcc/arm-none-eabi/9.2.1/../../../../arm-none-eabi/lib/thumb/v7-m/nofp\libg.a(lib_a-fclose.o)
                0x00000000000095f4                _fclose_r
 .text.__sflush_r
                0x00000000000096c0      0x130 c:/xpacks/@xpack-dev-tools/arm-none-eabi-gcc/9.2.1-1.1.1/.content/bin/../lib/gcc/arm-none-eabi/9.2.1/../../../../arm-none-eabi/lib/thumb/v7-m/nofp\libg.a(lib_a-fflush.o)
                0x00000000000096c0                __sflush_r
 .text._fflush_r
                0x00000000000097f0       0x5c c:/xpacks/@xpack-dev-tools/arm-none-eabi-gcc/9.2.1-1.1.1/.content/bin/../lib/gcc/arm-none-eabi/9.2.1/../../../../arm-none-eabi/lib/thumb/v7-m/nofp\libg.a(lib_a-fflush.o)
                0x00000000000097f0                _fflush_r
 .text._malloc_trim_r
                0x000000000000984c       0xa0 c:/xpacks/@xpack-dev-tools/arm-none-eabi-gcc/9.2.1-1.1.1/.content/bin/../lib/gcc/arm-none-eabi/9.2.1/../../../../arm-none-eabi/lib/thumb/v7-m/nofp\libg.a(lib_a-freer.o)
                0x000000000000984c                _malloc_trim_r
 .text._free_r  0x00000000000098ec      0x20c c:/xpacks/@xpack-dev-tools/arm-none-eabi-gcc/9.2.1-1.1.1/.content/bin/../lib/gcc/arm-none-eabi/9.2.1/../../../../arm-none-eabi/lib/thumb/v7-m/nofp\libg.a(lib_a-freer.o)
                0x00000000000098ec                _free_r
 .text._lseek_r
                0x0000000000009af8       0x2c c:/xpacks/@xpack-dev-tools/arm-none-eabi-gcc/9.2.1-1.1.1/.content/bin/../lib/gcc/arm-none-eabi/9.2.1/../../../../arm-none-eabi/lib/thumb/v7-m/nofp\libg.a(lib_a-lseekr.o)
                0x0000000000009af8                _lseek_r
 .text.__swhatbuf_r
                0x0000000000009b24       0x5c c:/xpacks/@xpack-dev-tools/arm-none-eabi-gcc/9.2.1-1.1.1/.content/bin/../lib/gcc/arm-none-eabi/9.2.1/../../../../arm-none-eabi/lib/thumb/v7-m/nofp\libg.a(lib_a-makebuf.o)
                0x0000000000009b24                __swhatbuf_r
 .text.__smakebuf_r
                0x0000000000009b80       0x94 c:/xpacks/@xpack-dev-tools/arm-none-eabi-gcc/9.2.1-1.1.1/.content/bin/../lib/gcc/arm-none-eabi/9.2.1/../../../../arm-none-eabi/lib/thumb/v7-m/nofp\libg.a(lib_a-makebuf.o)
                0x0000000000009b80                __smakebuf_r
 .text._read_r  0x0000000000009c14       0x2c c:/xpacks/@xpack-dev-tools/arm-none-eabi-gcc/9.2.1-1.1.1/.content/bin/../lib/gcc/arm-none-eabi/9.2.1/../../../../arm-none-eabi/lib/thumb/v7-m/nofp\libg.a(lib_a-readr.o)
                0x0000000000009c14                _read_r
 .text._fstat_r
                0x0000000000009c40       0x2c c:/xpacks/@xpack-dev-tools/arm-none-eabi-gcc/9.2.1-1.1.1/.content/bin/../lib/gcc/arm-none-eabi/9.2.1/../../../../arm-none-eabi/lib/thumb/v7-m/nofp\libg.a(lib_a-fstatr.o)
                0x0000000000009c40                _fstat_r
 .text._isatty_r
                0x0000000000009c6c       0x24 c:/xpacks/@xpack-dev-tools/arm-none-eabi-gcc/9.2.1-1.1.1/.content/bin/../lib/gcc/arm-none-eabi/9.2.1/../../../../arm-none-eabi/lib/thumb/v7-m/nofp\libg.a(lib_a-isattyr.o)
                0x0000000000009c6c                _isatty_r
 *(.gnu.warning)
 *(.glue_7t)
 .glue_7t       0x0000000000009c90        0x0 linker stubs
 *(.glue_7)
 .glue_7        0x0000000000009c90        0x0 linker stubs
 *(.vfp11_veneer)
 .vfp11_veneer  0x0000000000009c90        0x0 linker stubs
 *(.v4_bx)
 .v4_bx         0x0000000000009c90        0x0 linker stubs

.fini           0x0000000000009c90        0xc
 *(SORT_NONE(.fini))
 .fini          0x0000000000009c90        0x4 c:/xpacks/@xpack-dev-tools/arm-none-eabi-gcc/9.2.1-1.1.1/.content/bin/../lib/gcc/arm-none-eabi/9.2.1/thumb/v7-m/nofp/crti.o
                0x0000000000009c90                _fini
 .fini          0x0000000000009c94        0x8 c:/xpacks/@xpack-dev-tools/arm-none-eabi-gcc/9.2.1-1.1.1/.content/bin/../lib/gcc/arm-none-eabi/9.2.1/thumb/v7-m/nofp/crtn.o
                [!provide]                        PROVIDE (__etext = .)
                [!provide]                        PROVIDE (_etext = .)
                [!provide]                        PROVIDE (etext = .)

.rodata         0x0000000000009c9c       0x16
 *(.rodata .rodata.* .gnu.linkonce.r.*)
 .rodata        0x0000000000009c9c        0xe ./hello.o
 *fill*         0x0000000000009caa        0x2 
 .rodata._global_impure_ptr
                0x0000000000009cac        0x4 c:/xpacks/@xpack-dev-tools/arm-none-eabi-gcc/9.2.1-1.1.1/.content/bin/../lib/gcc/arm-none-eabi/9.2.1/../../../../arm-none-eabi/lib/thumb/v7-m/nofp\libg.a(lib_a-impure.o)
                0x0000000000009cac                _global_impure_ptr
 .rodata._puts_r.str1.4
                0x0000000000009cb0        0x2 c:/xpacks/@xpack-dev-tools/arm-none-eabi-gcc/9.2.1-1.1.1/.content/bin/../lib/gcc/arm-none-eabi/9.2.1/../../../../arm-none-eabi/lib/thumb/v7-m/nofp\libg.a(lib_a-puts.o)

.rodata1
 *(.rodata1)

.ARM.extab
 *(.ARM.extab* .gnu.linkonce.armextab.*)
                [!provide]                        PROVIDE (__exidx_start = .)

.ARM.exidx      0x0000000000009cb4        0x8
 *(.ARM.exidx* .gnu.linkonce.armexidx.*)
 .ARM.exidx     0x0000000000009cb4        0x8 c:/xpacks/@xpack-dev-tools/arm-none-eabi-gcc/9.2.1-1.1.1/.content/bin/../lib/gcc/arm-none-eabi/9.2.1/../../../../arm-none-eabi/lib/thumb/v7-m/nofp/crt0.o
                [!provide]                        PROVIDE (__exidx_end = .)

.eh_frame_hdr
 *(.eh_frame_hdr)
 *(.eh_frame_entry .eh_frame_entry.*)

.eh_frame       0x0000000000009cbc        0x4
 *(.eh_frame)
 .eh_frame      0x0000000000009cbc        0x0 c:/xpacks/@xpack-dev-tools/arm-none-eabi-gcc/9.2.1-1.1.1/.content/bin/../lib/gcc/arm-none-eabi/9.2.1/thumb/v7-m/nofp/crtbegin.o
 .eh_frame      0x0000000000009cbc        0x4 c:/xpacks/@xpack-dev-tools/arm-none-eabi-gcc/9.2.1-1.1.1/.content/bin/../lib/gcc/arm-none-eabi/9.2.1/thumb/v7-m/nofp/crtend.o
 *(.eh_frame.*)

.gcc_except_table
 *(.gcc_except_table .gcc_except_table.*)

.gnu_extab
 *(.gnu_extab*)

.exception_ranges
 *(.exception_ranges*)
                0x0000000000019cc0                . = (ALIGN (CONSTANT (MAXPAGESIZE)) + (. & (CONSTANT (MAXPAGESIZE) - 0x1)))

.eh_frame
 *(.eh_frame)
 *(.eh_frame.*)

.gnu_extab
 *(.gnu_extab)

.gcc_except_table
 *(.gcc_except_table .gcc_except_table.*)

.exception_ranges
 *(.exception_ranges*)

.tdata          0x0000000000019cc0        0x0
                [!provide]                        PROVIDE (__tdata_start = .)
 *(.tdata .tdata.* .gnu.linkonce.td.*)

.tbss
 *(.tbss .tbss.* .gnu.linkonce.tb.*)
 *(.tcommon)

.preinit_array  0x0000000000019cc0        0x0
                0x0000000000019cc0                PROVIDE (__preinit_array_start = .)
 *(.preinit_array)
                0x0000000000019cc0                PROVIDE (__preinit_array_end = .)

.init_array     0x0000000000019cc0        0x8
                0x0000000000019cc0                PROVIDE (__init_array_start = .)
 *(SORT_BY_INIT_PRIORITY(.init_array.*) SORT_BY_INIT_PRIORITY(.ctors.*))
 .init_array.00000
                0x0000000000019cc0        0x4 c:/xpacks/@xpack-dev-tools/arm-none-eabi-gcc/9.2.1-1.1.1/.content/bin/../lib/gcc/arm-none-eabi/9.2.1/../../../../arm-none-eabi/lib/thumb/v7-m/nofp\libg.a(lib_a-__call_atexit.o)
 *(.init_array EXCLUDE_FILE(*crtend?.o *crtend.o *crtbegin?.o *crtbegin.o) .ctors)
 .init_array    0x0000000000019cc4        0x4 c:/xpacks/@xpack-dev-tools/arm-none-eabi-gcc/9.2.1-1.1.1/.content/bin/../lib/gcc/arm-none-eabi/9.2.1/thumb/v7-m/nofp/crtbegin.o
                0x0000000000019cc8                PROVIDE (__init_array_end = .)

.fini_array     0x0000000000019cc8        0x4
                0x0000000000019cc8                PROVIDE (__fini_array_start = .)
 *(SORT_BY_INIT_PRIORITY(.fini_array.*) SORT_BY_INIT_PRIORITY(.dtors.*))
 *(.fini_array EXCLUDE_FILE(*crtend?.o *crtend.o *crtbegin?.o *crtbegin.o) .dtors)
 .fini_array    0x0000000000019cc8        0x4 c:/xpacks/@xpack-dev-tools/arm-none-eabi-gcc/9.2.1-1.1.1/.content/bin/../lib/gcc/arm-none-eabi/9.2.1/thumb/v7-m/nofp/crtbegin.o
                0x0000000000019ccc                PROVIDE (__fini_array_end = .)

.ctors
 *crtbegin.o(.ctors)
 *crtbegin?.o(.ctors)
 *(EXCLUDE_FILE(*crtend?.o *crtend.o) .ctors)
 *(SORT_BY_NAME(.ctors.*))
 *(.ctors)

.dtors
 *crtbegin.o(.dtors)
 *crtbegin?.o(.dtors)
 *(EXCLUDE_FILE(*crtend?.o *crtend.o) .dtors)
 *(SORT_BY_NAME(.dtors.*))
 *(.dtors)

.jcr
 *(.jcr)

.data.rel.ro
 *(.data.rel.ro.local* .gnu.linkonce.d.rel.ro.local.*)
 *(.data.rel.ro .data.rel.ro.* .gnu.linkonce.d.rel.ro.*)

.dynamic
 *(.dynamic)

.got            0x0000000000019ccc        0x0
 *(.got.plt)
 *(.igot.plt)
 .igot.plt      0x0000000000019ccc        0x0 c:/xpacks/@xpack-dev-tools/arm-none-eabi-gcc/9.2.1-1.1.1/.content/bin/../lib/gcc/arm-none-eabi/9.2.1/thumb/v7-m/nofp/crtbegin.o
 *(.got)
 *(.igot)

.data           0x0000000000019cd0      0x844
                0x0000000000019cd0                __data_start = .
 *(.data .data.* .gnu.linkonce.d.*)
 .data._impure_ptr
                0x0000000000019cd0        0x4 c:/xpacks/@xpack-dev-tools/arm-none-eabi-gcc/9.2.1-1.1.1/.content/bin/../lib/gcc/arm-none-eabi/9.2.1/../../../../arm-none-eabi/lib/thumb/v7-m/nofp\libg.a(lib_a-impure.o)
                0x0000000000019cd0                _impure_ptr
 *fill*         0x0000000000019cd4        0x4 
 .data.impure_data
                0x0000000000019cd8      0x428 c:/xpacks/@xpack-dev-tools/arm-none-eabi-gcc/9.2.1-1.1.1/.content/bin/../lib/gcc/arm-none-eabi/9.2.1/../../../../arm-none-eabi/lib/thumb/v7-m/nofp\libg.a(lib_a-impure.o)
 .data.__atexit_recursive_mutex
                0x000000000001a100        0x4 c:/xpacks/@xpack-dev-tools/arm-none-eabi-gcc/9.2.1-1.1.1/.content/bin/../lib/gcc/arm-none-eabi/9.2.1/../../../../arm-none-eabi/lib/thumb/v7-m/nofp\libg.a(lib_a-__call_atexit.o)
                0x000000000001a100                __atexit_recursive_mutex
 .data.__malloc_av_
                0x000000000001a104      0x408 c:/xpacks/@xpack-dev-tools/arm-none-eabi-gcc/9.2.1-1.1.1/.content/bin/../lib/gcc/arm-none-eabi/9.2.1/../../../../arm-none-eabi/lib/thumb/v7-m/nofp\libg.a(lib_a-mallocr.o)
                0x000000000001a104                __malloc_av_
 .data.__malloc_sbrk_base
                0x000000000001a50c        0x4 c:/xpacks/@xpack-dev-tools/arm-none-eabi-gcc/9.2.1-1.1.1/.content/bin/../lib/gcc/arm-none-eabi/9.2.1/../../../../arm-none-eabi/lib/thumb/v7-m/nofp\libg.a(lib_a-mallocr.o)
                0x000000000001a50c                __malloc_sbrk_base
 .data.__malloc_trim_threshold
                0x000000000001a510        0x4 c:/xpacks/@xpack-dev-tools/arm-none-eabi-gcc/9.2.1-1.1.1/.content/bin/../lib/gcc/arm-none-eabi/9.2.1/../../../../arm-none-eabi/lib/thumb/v7-m/nofp\libg.a(lib_a-mallocr.o)
                0x000000000001a510                __malloc_trim_threshold

.data1
 *(.data1)
                0x000000000001a514                _edata = .
                [!provide]                        PROVIDE (edata = .)
                0x000000000001a514                . = .
                0x000000000001a514                __bss_start = .
                0x000000000001a514                __bss_start__ = .

.bss            0x000000000001a514       0x78
 *(.dynbss)
 *(.bss .bss.* .gnu.linkonce.b.*)
 .bss.completed.8911
                0x000000000001a514        0x1 c:/xpacks/@xpack-dev-tools/arm-none-eabi-gcc/9.2.1-1.1.1/.content/bin/../lib/gcc/arm-none-eabi/9.2.1/thumb/v7-m/nofp/crtbegin.o
 *fill*         0x000000000001a515        0x3 
 .bss.object.8916
                0x000000000001a518       0x18 c:/xpacks/@xpack-dev-tools/arm-none-eabi-gcc/9.2.1-1.1.1/.content/bin/../lib/gcc/arm-none-eabi/9.2.1/thumb/v7-m/nofp/crtbegin.o
 .bss.__malloc_current_mallinfo
                0x000000000001a530       0x28 c:/xpacks/@xpack-dev-tools/arm-none-eabi-gcc/9.2.1-1.1.1/.content/bin/../lib/gcc/arm-none-eabi/9.2.1/../../../../arm-none-eabi/lib/thumb/v7-m/nofp\libg.a(lib_a-mallocr.o)
                0x000000000001a530                __malloc_current_mallinfo
 .bss.__malloc_max_sbrked_mem
                0x000000000001a558        0x4 c:/xpacks/@xpack-dev-tools/arm-none-eabi-gcc/9.2.1-1.1.1/.content/bin/../lib/gcc/arm-none-eabi/9.2.1/../../../../arm-none-eabi/lib/thumb/v7-m/nofp\libg.a(lib_a-mallocr.o)
                0x000000000001a558                __malloc_max_sbrked_mem
 .bss.__malloc_max_total_mem
                0x000000000001a55c        0x4 c:/xpacks/@xpack-dev-tools/arm-none-eabi-gcc/9.2.1-1.1.1/.content/bin/../lib/gcc/arm-none-eabi/9.2.1/../../../../arm-none-eabi/lib/thumb/v7-m/nofp\libg.a(lib_a-mallocr.o)
                0x000000000001a55c                __malloc_max_total_mem
 .bss.__malloc_top_pad
                0x000000000001a560        0x4 c:/xpacks/@xpack-dev-tools/arm-none-eabi-gcc/9.2.1-1.1.1/.content/bin/../lib/gcc/arm-none-eabi/9.2.1/../../../../arm-none-eabi/lib/thumb/v7-m/nofp\libg.a(lib_a-mallocr.o)
                0x000000000001a560                __malloc_top_pad
 *(COMMON)
 COMMON         0x000000000001a564       0x21 c:/xpacks/@xpack-dev-tools/arm-none-eabi-gcc/9.2.1-1.1.1/.content/bin/../lib/gcc/arm-none-eabi/9.2.1/../../../../arm-none-eabi/lib/thumb/v7-m/nofp\libg.a(lib_a-lock.o)
                0x000000000001a564                __lock___atexit_recursive_mutex
                0x000000000001a568                __lock___arc4random_mutex
                0x000000000001a56c                __lock___env_recursive_mutex
                0x000000000001a570                __lock___sinit_recursive_mutex
                0x000000000001a574                __lock___malloc_recursive_mutex
                0x000000000001a578                __lock___at_quick_exit_mutex
                0x000000000001a57c                __lock___dd_hash_mutex
                0x000000000001a580                __lock___tz_mutex
                0x000000000001a584                __lock___sfp_recursive_mutex
 *fill*         0x000000000001a585        0x3 
 COMMON         0x000000000001a588        0x4 c:/xpacks/@xpack-dev-tools/arm-none-eabi-gcc/9.2.1-1.1.1/.content/bin/../lib/gcc/arm-none-eabi/9.2.1/../../../../arm-none-eabi/lib/thumb/v7-m/nofp\libg.a(lib_a-reent.o)
                0x000000000001a588                errno
                0x000000000001a58c                . = ALIGN ((. != 0x0)?0x4:0x1)
                0x000000000001a58c                _bss_end__ = .
                0x000000000001a58c                __bss_end__ = .
                0x000000000001a58c                . = ALIGN (0x4)
                0x000000000001a58c                . = SEGMENT_START ("ldata-segment", .)
                0x000000000001a58c                . = ALIGN (0x4)
                0x000000000001a58c                __end__ = .
                0x000000000001a58c                _end = .
                [!provide]                        PROVIDE (end = .)

.stack          0x0000000000080000        0x0
                0x0000000000080000                _stack = .
 *(.stack)

.stab
 *(.stab)

.stabstr
 *(.stabstr)

.stab.excl
 *(.stab.excl)

.stab.exclstr
 *(.stab.exclstr)

.stab.index
 *(.stab.index)

.stab.indexstr
 *(.stab.indexstr)

.comment        0x0000000000000000       0x66
 *(.comment)
 .comment       0x0000000000000000       0x66 ./hello.o
                                         0x67 (size before relaxing)

.gnu.build.attributes
 *(.gnu.build.attributes .gnu.build.attributes.*)

.debug
 *(.debug)

.line
 *(.line)

.debug_srcinfo
 *(.debug_srcinfo)

.debug_sfnames
 *(.debug_sfnames)

.debug_aranges  0x0000000000000000       0x20
 *(.debug_aranges)
 .debug_aranges
                0x0000000000000000       0x20 ./hello.o

.debug_pubnames
 *(.debug_pubnames)

.debug_info     0x0000000000000000      0x92f
 *(.debug_info .gnu.linkonce.wi.*)
 .debug_info    0x0000000000000000      0x92f ./hello.o

.debug_abbrev   0x0000000000000000      0x1bf
 *(.debug_abbrev)
 .debug_abbrev  0x0000000000000000      0x1bf ./hello.o

.debug_line     0x0000000000000000      0x329
 *(.debug_line .debug_line.* .debug_line_end)
 .debug_line    0x0000000000000000      0x329 ./hello.o

.debug_frame    0x0000000000000000      0x9f4
 *(.debug_frame)
 .debug_frame   0x0000000000000000       0x2c ./hello.o
 .debug_frame   0x000000000000002c       0x28 c:/xpacks/@xpack-dev-tools/arm-none-eabi-gcc/9.2.1-1.1.1/.content/bin/../lib/gcc/arm-none-eabi/9.2.1/../../../../arm-none-eabi/lib/thumb/v7-m/nofp\libg.a(lib_a-exit.o)
 .debug_frame   0x0000000000000054       0x2c c:/xpacks/@xpack-dev-tools/arm-none-eabi-gcc/9.2.1-1.1.1/.content/bin/../lib/gcc/arm-none-eabi/9.2.1/../../../../arm-none-eabi/lib/thumb/v7-m/nofp\libg.a(lib_a-init.o)
 .debug_frame   0x0000000000000080       0x38 c:/xpacks/@xpack-dev-tools/arm-none-eabi-gcc/9.2.1-1.1.1/.content/bin/../lib/gcc/arm-none-eabi/9.2.1/../../../../arm-none-eabi/lib/thumb/v7-m/nofp\libg.a(lib_a-memset.o)
 .debug_frame   0x00000000000000b8       0x4c c:/xpacks/@xpack-dev-tools/arm-none-eabi-gcc/9.2.1-1.1.1/.content/bin/../lib/gcc/arm-none-eabi/9.2.1/../../../../arm-none-eabi/lib/thumb/v7-m/nofp\libg.a(lib_a-puts.o)
 .debug_frame   0x0000000000000104       0x20 c:/xpacks/@xpack-dev-tools/arm-none-eabi-gcc/9.2.1-1.1.1/.content/bin/../lib/gcc/arm-none-eabi/9.2.1/../../../../arm-none-eabi/lib/thumb/v7-m/nofp\libg.a(lib_a-strlen-stub.o)
 .debug_frame   0x0000000000000124       0x5c c:/xpacks/@xpack-dev-tools/arm-none-eabi-gcc/9.2.1-1.1.1/.content/bin/../lib/gcc/arm-none-eabi/9.2.1/../../../../arm-none-eabi/lib/thumb/v7-m/nofp\libg.a(lib_a-__call_atexit.o)
 .debug_frame   0x0000000000000180       0x20 c:/xpacks/@xpack-dev-tools/arm-none-eabi-gcc/9.2.1-1.1.1/.content/bin/../lib/gcc/arm-none-eabi/9.2.1/../../../../arm-none-eabi/lib/thumb/v7-m/nofp\libg.a(lib_a-atexit.o)
 .debug_frame   0x00000000000001a0      0x154 c:/xpacks/@xpack-dev-tools/arm-none-eabi-gcc/9.2.1-1.1.1/.content/bin/../lib/gcc/arm-none-eabi/9.2.1/../../../../arm-none-eabi/lib/thumb/v7-m/nofp\libg.a(lib_a-findfp.o)
 .debug_frame   0x00000000000002f4       0x34 c:/xpacks/@xpack-dev-tools/arm-none-eabi-gcc/9.2.1-1.1.1/.content/bin/../lib/gcc/arm-none-eabi/9.2.1/../../../../arm-none-eabi/lib/thumb/v7-m/nofp\libg.a(lib_a-fini.o)
 .debug_frame   0x0000000000000328       0x64 c:/xpacks/@xpack-dev-tools/arm-none-eabi-gcc/9.2.1-1.1.1/.content/bin/../lib/gcc/arm-none-eabi/9.2.1/../../../../arm-none-eabi/lib/thumb/v7-m/nofp\libg.a(lib_a-fvwrite.o)
 .debug_frame   0x000000000000038c       0x54 c:/xpacks/@xpack-dev-tools/arm-none-eabi-gcc/9.2.1-1.1.1/.content/bin/../lib/gcc/arm-none-eabi/9.2.1/../../../../arm-none-eabi/lib/thumb/v7-m/nofp\libg.a(lib_a-fwalk.o)
 .debug_frame   0x00000000000003e0       0xb0 c:/xpacks/@xpack-dev-tools/arm-none-eabi-gcc/9.2.1-1.1.1/.content/bin/../lib/gcc/arm-none-eabi/9.2.1/../../../../arm-none-eabi/lib/thumb/v7-m/nofp\libg.a(lib_a-lock.o)
 .debug_frame   0x0000000000000490       0x4c c:/xpacks/@xpack-dev-tools/arm-none-eabi-gcc/9.2.1-1.1.1/.content/bin/../lib/gcc/arm-none-eabi/9.2.1/../../../../arm-none-eabi/lib/thumb/v7-m/nofp\libg.a(lib_a-mallocr.o)
 .debug_frame   0x00000000000004dc       0x44 c:/xpacks/@xpack-dev-tools/arm-none-eabi-gcc/9.2.1-1.1.1/.content/bin/../lib/gcc/arm-none-eabi/9.2.1/../../../../arm-none-eabi/lib/thumb/v7-m/nofp\libg.a(lib_a-memchr-stub.o)
 .debug_frame   0x0000000000000520       0x40 c:/xpacks/@xpack-dev-tools/arm-none-eabi-gcc/9.2.1-1.1.1/.content/bin/../lib/gcc/arm-none-eabi/9.2.1/../../../../arm-none-eabi/lib/thumb/v7-m/nofp\libg.a(lib_a-memmove.o)
 .debug_frame   0x0000000000000560       0x30 c:/xpacks/@xpack-dev-tools/arm-none-eabi-gcc/9.2.1-1.1.1/.content/bin/../lib/gcc/arm-none-eabi/9.2.1/../../../../arm-none-eabi/lib/thumb/v7-m/nofp\libg.a(lib_a-mlock.o)
 .debug_frame   0x0000000000000590       0x48 c:/xpacks/@xpack-dev-tools/arm-none-eabi-gcc/9.2.1-1.1.1/.content/bin/../lib/gcc/arm-none-eabi/9.2.1/../../../../arm-none-eabi/lib/thumb/v7-m/nofp\libg.a(lib_a-reallocr.o)
 .debug_frame   0x00000000000005d8       0x2c c:/xpacks/@xpack-dev-tools/arm-none-eabi-gcc/9.2.1-1.1.1/.content/bin/../lib/gcc/arm-none-eabi/9.2.1/../../../../arm-none-eabi/lib/thumb/v7-m/nofp\libg.a(lib_a-sbrkr.o)
 .debug_frame   0x0000000000000604       0x8c c:/xpacks/@xpack-dev-tools/arm-none-eabi-gcc/9.2.1-1.1.1/.content/bin/../lib/gcc/arm-none-eabi/9.2.1/../../../../arm-none-eabi/lib/thumb/v7-m/nofp\libg.a(lib_a-stdio.o)
 .debug_frame   0x0000000000000690       0x30 c:/xpacks/@xpack-dev-tools/arm-none-eabi-gcc/9.2.1-1.1.1/.content/bin/../lib/gcc/arm-none-eabi/9.2.1/../../../../arm-none-eabi/lib/thumb/v7-m/nofp\libg.a(lib_a-writer.o)
 .debug_frame   0x00000000000006c0       0x2c c:/xpacks/@xpack-dev-tools/arm-none-eabi-gcc/9.2.1-1.1.1/.content/bin/../lib/gcc/arm-none-eabi/9.2.1/../../../../arm-none-eabi/lib/thumb/v7-m/nofp\libg.a(lib_a-wsetup.o)
 .debug_frame   0x00000000000006ec       0x34 c:/xpacks/@xpack-dev-tools/arm-none-eabi-gcc/9.2.1-1.1.1/.content/bin/../lib/gcc/arm-none-eabi/9.2.1/../../../../arm-none-eabi/lib/thumb/v7-m/nofp\libg.a(lib_a-__atexit.o)
 .debug_frame   0x0000000000000720       0x2c c:/xpacks/@xpack-dev-tools/arm-none-eabi-gcc/9.2.1-1.1.1/.content/bin/../lib/gcc/arm-none-eabi/9.2.1/../../../../arm-none-eabi/lib/thumb/v7-m/nofp\libg.a(lib_a-closer.o)
 .debug_frame   0x000000000000074c       0x3c c:/xpacks/@xpack-dev-tools/arm-none-eabi-gcc/9.2.1-1.1.1/.content/bin/../lib/gcc/arm-none-eabi/9.2.1/../../../../arm-none-eabi/lib/thumb/v7-m/nofp\libg.a(lib_a-fclose.o)
 .debug_frame   0x0000000000000788       0x5c c:/xpacks/@xpack-dev-tools/arm-none-eabi-gcc/9.2.1-1.1.1/.content/bin/../lib/gcc/arm-none-eabi/9.2.1/../../../../arm-none-eabi/lib/thumb/v7-m/nofp\libg.a(lib_a-fflush.o)
 .debug_frame   0x00000000000007e4       0x8c c:/xpacks/@xpack-dev-tools/arm-none-eabi-gcc/9.2.1-1.1.1/.content/bin/../lib/gcc/arm-none-eabi/9.2.1/../../../../arm-none-eabi/lib/thumb/v7-m/nofp\libg.a(lib_a-freer.o)
 .debug_frame   0x0000000000000870       0x30 c:/xpacks/@xpack-dev-tools/arm-none-eabi-gcc/9.2.1-1.1.1/.content/bin/../lib/gcc/arm-none-eabi/9.2.1/../../../../arm-none-eabi/lib/thumb/v7-m/nofp\libg.a(lib_a-lseekr.o)
 .debug_frame   0x00000000000008a0       0x6c c:/xpacks/@xpack-dev-tools/arm-none-eabi-gcc/9.2.1-1.1.1/.content/bin/../lib/gcc/arm-none-eabi/9.2.1/../../../../arm-none-eabi/lib/thumb/v7-m/nofp\libg.a(lib_a-makebuf.o)
 .debug_frame   0x000000000000090c       0x30 c:/xpacks/@xpack-dev-tools/arm-none-eabi-gcc/9.2.1-1.1.1/.content/bin/../lib/gcc/arm-none-eabi/9.2.1/../../../../arm-none-eabi/lib/thumb/v7-m/nofp\libg.a(lib_a-readr.o)
 .debug_frame   0x000000000000093c       0x60 c:/xpacks/@xpack-dev-tools/arm-none-eabi-gcc/9.2.1-1.1.1/.content/bin/../lib/gcc/arm-none-eabi/9.2.1/../../../../arm-none-eabi/lib/thumb/v7-m/nofp\libg.a(lib_a-reent.o)
 .debug_frame   0x000000000000099c       0x2c c:/xpacks/@xpack-dev-tools/arm-none-eabi-gcc/9.2.1-1.1.1/.content/bin/../lib/gcc/arm-none-eabi/9.2.1/../../../../arm-none-eabi/lib/thumb/v7-m/nofp\libg.a(lib_a-fstatr.o)
 .debug_frame   0x00000000000009c8       0x2c c:/xpacks/@xpack-dev-tools/arm-none-eabi-gcc/9.2.1-1.1.1/.content/bin/../lib/gcc/arm-none-eabi/9.2.1/../../../../arm-none-eabi/lib/thumb/v7-m/nofp\libg.a(lib_a-isattyr.o)

.debug_str      0x0000000000000000     0x7263
 *(.debug_str)
 .debug_str     0x0000000000000000     0x7263 ./hello.o
                                       0x73f7 (size before relaxing)

.debug_loc
 *(.debug_loc)

.debug_macinfo
 *(.debug_macinfo)

.debug_weaknames
 *(.debug_weaknames)

.debug_funcnames
 *(.debug_funcnames)

.debug_typenames
 *(.debug_typenames)

.debug_varnames
 *(.debug_varnames)

.debug_pubtypes
 *(.debug_pubtypes)

.debug_ranges   0x0000000000000000       0x10
 *(.debug_ranges)
 .debug_ranges  0x0000000000000000       0x10 ./hello.o

.debug_macro    0x0000000000000000     0x198e
 *(.debug_macro)
 .debug_macro   0x0000000000000000      0x196 ./hello.o
 .debug_macro   0x0000000000000196      0xa84 ./hello.o
 .debug_macro   0x0000000000000c1a       0x22 ./hello.o
 .debug_macro   0x0000000000000c3c       0x5e ./hello.o
 .debug_macro   0x0000000000000c9a       0x18 ./hello.o
 .debug_macro   0x0000000000000cb2       0x94 ./hello.o
 .debug_macro   0x0000000000000d46       0x35 ./hello.o
 .debug_macro   0x0000000000000d7b       0x34 ./hello.o
 .debug_macro   0x0000000000000daf       0x16 ./hello.o
 .debug_macro   0x0000000000000dc5       0x57 ./hello.o
 .debug_macro   0x0000000000000e1c       0x97 ./hello.o
 .debug_macro   0x0000000000000eb3      0x339 ./hello.o
 .debug_macro   0x00000000000011ec       0xfd ./hello.o
 .debug_macro   0x00000000000012e9       0x10 ./hello.o
 .debug_macro   0x00000000000012f9       0x58 ./hello.o
 .debug_macro   0x0000000000001351       0x1f ./hello.o
 .debug_macro   0x0000000000001370       0x43 ./hello.o
 .debug_macro   0x00000000000013b3       0x20 ./hello.o
 .debug_macro   0x00000000000013d3      0x18e ./hello.o
 .debug_macro   0x0000000000001561       0x10 ./hello.o
 .debug_macro   0x0000000000001571       0x6a ./hello.o
 .debug_macro   0x00000000000015db       0x1c ./hello.o
 .debug_macro   0x00000000000015f7       0x52 ./hello.o
 .debug_macro   0x0000000000001649       0x40 ./hello.o
 .debug_macro   0x0000000000001689       0x10 ./hello.o
 .debug_macro   0x0000000000001699       0x40 ./hello.o
 .debug_macro   0x00000000000016d9       0xd7 ./hello.o
 .debug_macro   0x00000000000017b0       0x1c ./hello.o
 .debug_macro   0x00000000000017cc       0x3d ./hello.o
 .debug_macro   0x0000000000001809       0x16 ./hello.o
 .debug_macro   0x000000000000181f      0x16f ./hello.o

.debug_addr
 *(.debug_addr)

.ARM.attributes
                0x0000000000000000       0x29
 *(.ARM.attributes)
 .ARM.attributes
                0x0000000000000000       0x1d c:/xpacks/@xpack-dev-tools/arm-none-eabi-gcc/9.2.1-1.1.1/.content/bin/../lib/gcc/arm-none-eabi/9.2.1/thumb/v7-m/nofp/crti.o
 .ARM.attributes
                0x000000000000001d       0x2d c:/xpacks/@xpack-dev-tools/arm-none-eabi-gcc/9.2.1-1.1.1/.content/bin/../lib/gcc/arm-none-eabi/9.2.1/thumb/v7-m/nofp/crtbegin.o
 .ARM.attributes
                0x000000000000004a       0x1b c:/xpacks/@xpack-dev-tools/arm-none-eabi-gcc/9.2.1-1.1.1/.content/bin/../lib/gcc/arm-none-eabi/9.2.1/../../../../arm-none-eabi/lib/thumb/v7-m/nofp/crt0.o
 .ARM.attributes
                0x0000000000000065       0x2d ./hello.o
 .ARM.attributes
                0x0000000000000092       0x2d c:/xpacks/@xpack-dev-tools/arm-none-eabi-gcc/9.2.1-1.1.1/.content/bin/../lib/gcc/arm-none-eabi/9.2.1/../../../../arm-none-eabi/lib/thumb/v7-m/nofp\libg.a(lib_a-exit.o)
 .ARM.attributes
                0x00000000000000bf       0x2d c:/xpacks/@xpack-dev-tools/arm-none-eabi-gcc/9.2.1-1.1.1/.content/bin/../lib/gcc/arm-none-eabi/9.2.1/../../../../arm-none-eabi/lib/thumb/v7-m/nofp\libg.a(lib_a-impure.o)
 .ARM.attributes
                0x00000000000000ec       0x2d c:/xpacks/@xpack-dev-tools/arm-none-eabi-gcc/9.2.1-1.1.1/.content/bin/../lib/gcc/arm-none-eabi/9.2.1/../../../../arm-none-eabi/lib/thumb/v7-m/nofp\libg.a(lib_a-init.o)
 .ARM.attributes
                0x0000000000000119       0x2d c:/xpacks/@xpack-dev-tools/arm-none-eabi-gcc/9.2.1-1.1.1/.content/bin/../lib/gcc/arm-none-eabi/9.2.1/../../../../arm-none-eabi/lib/thumb/v7-m/nofp\libg.a(lib_a-memset.o)
 .ARM.attributes
                0x0000000000000146       0x2d c:/xpacks/@xpack-dev-tools/arm-none-eabi-gcc/9.2.1-1.1.1/.content/bin/../lib/gcc/arm-none-eabi/9.2.1/../../../../arm-none-eabi/lib/thumb/v7-m/nofp\libg.a(lib_a-puts.o)
 .ARM.attributes
                0x0000000000000173       0x2d c:/xpacks/@xpack-dev-tools/arm-none-eabi-gcc/9.2.1-1.1.1/.content/bin/../lib/gcc/arm-none-eabi/9.2.1/../../../../arm-none-eabi/lib/thumb/v7-m/nofp\libg.a(lib_a-strlen-stub.o)
 .ARM.attributes
                0x00000000000001a0       0x2d c:/xpacks/@xpack-dev-tools/arm-none-eabi-gcc/9.2.1-1.1.1/.content/bin/../lib/gcc/arm-none-eabi/9.2.1/../../../../arm-none-eabi/lib/thumb/v7-m/nofp\libg.a(lib_a-__call_atexit.o)
 .ARM.attributes
                0x00000000000001cd       0x2d c:/xpacks/@xpack-dev-tools/arm-none-eabi-gcc/9.2.1-1.1.1/.content/bin/../lib/gcc/arm-none-eabi/9.2.1/../../../../arm-none-eabi/lib/thumb/v7-m/nofp\libg.a(lib_a-atexit.o)
 .ARM.attributes
                0x00000000000001fa       0x2d c:/xpacks/@xpack-dev-tools/arm-none-eabi-gcc/9.2.1-1.1.1/.content/bin/../lib/gcc/arm-none-eabi/9.2.1/../../../../arm-none-eabi/lib/thumb/v7-m/nofp\libg.a(lib_a-findfp.o)
 .ARM.attributes
                0x0000000000000227       0x2d c:/xpacks/@xpack-dev-tools/arm-none-eabi-gcc/9.2.1-1.1.1/.content/bin/../lib/gcc/arm-none-eabi/9.2.1/../../../../arm-none-eabi/lib/thumb/v7-m/nofp\libg.a(lib_a-fini.o)
 .ARM.attributes
                0x0000000000000254       0x2d c:/xpacks/@xpack-dev-tools/arm-none-eabi-gcc/9.2.1-1.1.1/.content/bin/../lib/gcc/arm-none-eabi/9.2.1/../../../../arm-none-eabi/lib/thumb/v7-m/nofp\libg.a(lib_a-fvwrite.o)
 .ARM.attributes
                0x0000000000000281       0x2d c:/xpacks/@xpack-dev-tools/arm-none-eabi-gcc/9.2.1-1.1.1/.content/bin/../lib/gcc/arm-none-eabi/9.2.1/../../../../arm-none-eabi/lib/thumb/v7-m/nofp\libg.a(lib_a-fwalk.o)
 .ARM.attributes
                0x00000000000002ae       0x2d c:/xpacks/@xpack-dev-tools/arm-none-eabi-gcc/9.2.1-1.1.1/.content/bin/../lib/gcc/arm-none-eabi/9.2.1/../../../../arm-none-eabi/lib/thumb/v7-m/nofp\libg.a(lib_a-lock.o)
 .ARM.attributes
                0x00000000000002db       0x2d c:/xpacks/@xpack-dev-tools/arm-none-eabi-gcc/9.2.1-1.1.1/.content/bin/../lib/gcc/arm-none-eabi/9.2.1/../../../../arm-none-eabi/lib/thumb/v7-m/nofp\libg.a(lib_a-mallocr.o)
 .ARM.attributes
                0x0000000000000308       0x2d c:/xpacks/@xpack-dev-tools/arm-none-eabi-gcc/9.2.1-1.1.1/.content/bin/../lib/gcc/arm-none-eabi/9.2.1/../../../../arm-none-eabi/lib/thumb/v7-m/nofp\libg.a(lib_a-memchr-stub.o)
 .ARM.attributes
                0x0000000000000335       0x1b c:/xpacks/@xpack-dev-tools/arm-none-eabi-gcc/9.2.1-1.1.1/.content/bin/../lib/gcc/arm-none-eabi/9.2.1/../../../../arm-none-eabi/lib/thumb/v7-m/nofp\libg.a(lib_a-memcpy.o)
 .ARM.attributes
                0x0000000000000350       0x2d c:/xpacks/@xpack-dev-tools/arm-none-eabi-gcc/9.2.1-1.1.1/.content/bin/../lib/gcc/arm-none-eabi/9.2.1/../../../../arm-none-eabi/lib/thumb/v7-m/nofp\libg.a(lib_a-memmove.o)
 .ARM.attributes
                0x000000000000037d       0x2d c:/xpacks/@xpack-dev-tools/arm-none-eabi-gcc/9.2.1-1.1.1/.content/bin/../lib/gcc/arm-none-eabi/9.2.1/../../../../arm-none-eabi/lib/thumb/v7-m/nofp\libg.a(lib_a-mlock.o)
 .ARM.attributes
                0x00000000000003aa       0x2d c:/xpacks/@xpack-dev-tools/arm-none-eabi-gcc/9.2.1-1.1.1/.content/bin/../lib/gcc/arm-none-eabi/9.2.1/../../../../arm-none-eabi/lib/thumb/v7-m/nofp\libg.a(lib_a-reallocr.o)
 .ARM.attributes
                0x00000000000003d7       0x2d c:/xpacks/@xpack-dev-tools/arm-none-eabi-gcc/9.2.1-1.1.1/.content/bin/../lib/gcc/arm-none-eabi/9.2.1/../../../../arm-none-eabi/lib/thumb/v7-m/nofp\libg.a(lib_a-sbrkr.o)
 .ARM.attributes
                0x0000000000000404       0x2d c:/xpacks/@xpack-dev-tools/arm-none-eabi-gcc/9.2.1-1.1.1/.content/bin/../lib/gcc/arm-none-eabi/9.2.1/../../../../arm-none-eabi/lib/thumb/v7-m/nofp\libg.a(lib_a-stdio.o)
 .ARM.attributes
                0x0000000000000431       0x2d c:/xpacks/@xpack-dev-tools/arm-none-eabi-gcc/9.2.1-1.1.1/.content/bin/../lib/gcc/arm-none-eabi/9.2.1/../../../../arm-none-eabi/lib/thumb/v7-m/nofp\libg.a(lib_a-writer.o)
 .ARM.attributes
                0x000000000000045e       0x2d c:/xpacks/@xpack-dev-tools/arm-none-eabi-gcc/9.2.1-1.1.1/.content/bin/../lib/gcc/arm-none-eabi/9.2.1/../../../../arm-none-eabi/lib/thumb/v7-m/nofp\libg.a(lib_a-wsetup.o)
 .ARM.attributes
                0x000000000000048b       0x2d c:/xpacks/@xpack-dev-tools/arm-none-eabi-gcc/9.2.1-1.1.1/.content/bin/../lib/gcc/arm-none-eabi/9.2.1/../../../../arm-none-eabi/lib/thumb/v7-m/nofp\libg.a(lib_a-__atexit.o)
 .ARM.attributes
                0x00000000000004b8       0x2d c:/xpacks/@xpack-dev-tools/arm-none-eabi-gcc/9.2.1-1.1.1/.content/bin/../lib/gcc/arm-none-eabi/9.2.1/../../../../arm-none-eabi/lib/thumb/v7-m/nofp\libg.a(lib_a-closer.o)
 .ARM.attributes
                0x00000000000004e5       0x2d c:/xpacks/@xpack-dev-tools/arm-none-eabi-gcc/9.2.1-1.1.1/.content/bin/../lib/gcc/arm-none-eabi/9.2.1/../../../../arm-none-eabi/lib/thumb/v7-m/nofp\libg.a(lib_a-fclose.o)
 .ARM.attributes
                0x0000000000000512       0x2d c:/xpacks/@xpack-dev-tools/arm-none-eabi-gcc/9.2.1-1.1.1/.content/bin/../lib/gcc/arm-none-eabi/9.2.1/../../../../arm-none-eabi/lib/thumb/v7-m/nofp\libg.a(lib_a-fflush.o)
 .ARM.attributes
                0x000000000000053f       0x2d c:/xpacks/@xpack-dev-tools/arm-none-eabi-gcc/9.2.1-1.1.1/.content/bin/../lib/gcc/arm-none-eabi/9.2.1/../../../../arm-none-eabi/lib/thumb/v7-m/nofp\libg.a(lib_a-freer.o)
 .ARM.attributes
                0x000000000000056c       0x2d c:/xpacks/@xpack-dev-tools/arm-none-eabi-gcc/9.2.1-1.1.1/.content/bin/../lib/gcc/arm-none-eabi/9.2.1/../../../../arm-none-eabi/lib/thumb/v7-m/nofp\libg.a(lib_a-lseekr.o)
 .ARM.attributes
                0x0000000000000599       0x2d c:/xpacks/@xpack-dev-tools/arm-none-eabi-gcc/9.2.1-1.1.1/.content/bin/../lib/gcc/arm-none-eabi/9.2.1/../../../../arm-none-eabi/lib/thumb/v7-m/nofp\libg.a(lib_a-makebuf.o)
 .ARM.attributes
                0x00000000000005c6       0x2d c:/xpacks/@xpack-dev-tools/arm-none-eabi-gcc/9.2.1-1.1.1/.content/bin/../lib/gcc/arm-none-eabi/9.2.1/../../../../arm-none-eabi/lib/thumb/v7-m/nofp\libg.a(lib_a-readr.o)
 .ARM.attributes
                0x00000000000005f3       0x2d c:/xpacks/@xpack-dev-tools/arm-none-eabi-gcc/9.2.1-1.1.1/.content/bin/../lib/gcc/arm-none-eabi/9.2.1/../../../../arm-none-eabi/lib/thumb/v7-m/nofp\libg.a(lib_a-reent.o)
 .ARM.attributes
                0x0000000000000620       0x2d c:/xpacks/@xpack-dev-tools/arm-none-eabi-gcc/9.2.1-1.1.1/.content/bin/../lib/gcc/arm-none-eabi/9.2.1/../../../../arm-none-eabi/lib/thumb/v7-m/nofp\libg.a(lib_a-fstatr.o)
 .ARM.attributes
                0x000000000000064d       0x2d c:/xpacks/@xpack-dev-tools/arm-none-eabi-gcc/9.2.1-1.1.1/.content/bin/../lib/gcc/arm-none-eabi/9.2.1/../../../../arm-none-eabi/lib/thumb/v7-m/nofp\libg.a(lib_a-isattyr.o)
 .ARM.attributes
                0x000000000000067a       0x2d c:/xpacks/@xpack-dev-tools/arm-none-eabi-gcc/9.2.1-1.1.1/.content/bin/../lib/gcc/arm-none-eabi/9.2.1/thumb/v7-m/nofp/crtend.o
 .ARM.attributes
                0x00000000000006a7       0x1d c:/xpacks/@xpack-dev-tools/arm-none-eabi-gcc/9.2.1-1.1.1/.content/bin/../lib/gcc/arm-none-eabi/9.2.1/thumb/v7-m/nofp/crtn.o
 *(.gnu.attributes)

.note.gnu.arm.ident
 *(.note.gnu.arm.ident)

.noinit         0x000000000001a58c        0x0
                0x000000000001a58c                . = ALIGN (0x2)
                [!provide]                        PROVIDE (__noinit_start = .)
 *(.noinit)
                0x000000000001a58c                . = ALIGN (0x2)
                [!provide]                        PROVIDE (__noinit_end = .)

/DISCARD/
 *(.note.GNU-stack)
 *(.gnu_debuglink)
 *(.gnu.lto_*)
OUTPUT(Hello.elf elf32-littlearm)
